Nov 23 21:38:55 devspace kernel: [    0.000000] Linux version 4.9.0-4-amd64 (debian-kernel@lists.debian.org) (gcc version 6.3.0 20170516 (Debian 6.3.0-18) ) #1 SMP Debian 4.9.51-1 (2017-09-28)
Nov 23 21:38:55 devspace kernel: [    0.000000] Command line: BOOT_IMAGE=/vmlinuz-4.9.0-4-amd64 root=/dev/mapper/devspace--vg-root ro quiet
Nov 23 21:38:55 devspace kernel: [    0.000000] Disabled fast string operations
Nov 23 21:38:55 devspace kernel: [    0.000000] x86/fpu: Supporting XSAVE feature 0x001: 'x87 floating point registers'
Nov 23 21:38:55 devspace kernel: [    0.000000] x86/fpu: Supporting XSAVE feature 0x002: 'SSE registers'
Nov 23 21:38:55 devspace kernel: [    0.000000] x86/fpu: Supporting XSAVE feature 0x004: 'AVX registers'
Nov 23 21:38:55 devspace kernel: [    0.000000] x86/fpu: xstate_offset[2]:  576, xstate_sizes[2]:  256
Nov 23 21:38:55 devspace kernel: [    0.000000] x86/fpu: Enabled xstate features 0x7, context size is 832 bytes, using 'standard' format.
Nov 23 21:38:55 devspace mtp-probe: checking bus 2, device 2: "/sys/devices/pci0000:00/0000:00:11.0/0000:02:00.0/usb2/2-1"
Nov 23 21:38:55 devspace kernel: [    0.000000] x86/fpu: Using 'eager' FPU context switches.
Nov 23 21:38:55 devspace kernel: [    0.000000] e820: BIOS-provided physical RAM map:
Nov 23 21:38:55 devspace kernel: [    0.000000] BIOS-e820: [mem 0x0000000000000000-0x000000000009ebff] usable
Nov 23 21:38:55 devspace kernel: [    0.000000] BIOS-e820: [mem 0x000000000009ec00-0x000000000009ffff] reserved
Nov 23 21:38:55 devspace mtp-probe: bus: 2, device: 2 was not an MTP device
Nov 23 21:38:55 devspace kernel: [    0.000000] BIOS-e820: [mem 0x00000000000dc000-0x00000000000fffff] reserved
Nov 23 21:38:55 devspace kernel: [    0.000000] BIOS-e820: [mem 0x0000000000100000-0x00000000bfedffff] usable
Nov 23 21:38:55 devspace kernel: [    0.000000] BIOS-e820: [mem 0x00000000bfee0000-0x00000000bfefefff] ACPI data
Nov 23 21:38:55 devspace kernel: [    0.000000] BIOS-e820: [mem 0x00000000bfeff000-0x00000000bfefffff] ACPI NVS
Nov 23 21:38:55 devspace kernel: [    0.000000] BIOS-e820: [mem 0x00000000bff00000-0x00000000bfffffff] usable
Nov 23 21:38:55 devspace kernel: [    0.000000] BIOS-e820: [mem 0x00000000f0000000-0x00000000f7ffffff] reserved
Nov 23 21:38:55 devspace kernel: [    0.000000] BIOS-e820: [mem 0x00000000fec00000-0x00000000fec0ffff] reserved
Nov 23 21:38:55 devspace kernel: [    0.000000] BIOS-e820: [mem 0x00000000fee00000-0x00000000fee00fff] reserved
Nov 23 21:38:55 devspace kernel: [    0.000000] BIOS-e820: [mem 0x00000000fffe0000-0x00000000ffffffff] reserved
Nov 23 21:38:55 devspace kernel: [    0.000000] BIOS-e820: [mem 0x0000000100000000-0x000000023fffffff] usable
Nov 23 21:38:55 devspace kernel: [    0.000000] NX (Execute Disable) protection: active
Nov 23 21:38:55 devspace kernel: [    0.000000] SMBIOS 2.7 present.
Nov 23 21:38:55 devspace kernel: [    0.000000] Hypervisor detected: VMware
Nov 23 21:38:55 devspace kernel: [    0.000000] Host bus clock speed read from hypervisor : 66000000 Hz
Nov 23 21:38:55 devspace kernel: [    0.000000] e820: last_pfn = 0x240000 max_arch_pfn = 0x400000000
Nov 23 21:38:55 devspace kernel: [    0.000000] x86/PAT: Configuration [0-7]: WB  WC  UC- UC  WB  WC  UC- WT
Nov 23 21:38:55 devspace kernel: [    0.000000] e820: last_pfn = 0xc0000 max_arch_pfn = 0x400000000
Nov 23 21:38:55 devspace kernel: [    0.000000] found SMP MP-table at [mem 0x000f6a80-0x000f6a8f] mapped at [ffff8ed7000f6a80]
Nov 23 21:38:55 devspace kernel: [    0.000000] Using GB pages for direct mapping
Nov 23 21:38:55 devspace kernel: [    0.000000] RAMDISK: [mem 0x35ad7000-0x36d62fff]
Nov 23 21:38:55 devspace kernel: [    0.000000] ACPI: Early table checksum verification disabled
Nov 23 21:38:55 devspace kernel: [    0.000000] ACPI: RSDP 0x00000000000F6A10 000024 (v02 PTLTD )
Nov 23 21:38:55 devspace kernel: [    0.000000] ACPI: XSDT 0x00000000BFEEB65B 00005C (v01 INTEL  440BX    06040000 VMW  01324272)
Nov 23 21:38:55 devspace kernel: [    0.000000] ACPI: FACP 0x00000000BFEFEE73 0000F4 (v04 INTEL  440BX    06040000 PTL  000F4240)
Nov 23 21:38:55 devspace kernel: [    0.000000] ACPI: DSDT 0x00000000BFEED1DD 011C96 (v01 PTLTD  Custom   06040000 MSFT 03000001)
Nov 23 21:38:55 devspace kernel: [    0.000000] ACPI: FACS 0x00000000BFEFFFC0 000040
Nov 23 21:38:55 devspace kernel: [    0.000000] ACPI: FACS 0x00000000BFEFFFC0 000040
Nov 23 21:38:55 devspace kernel: [    0.000000] ACPI: BOOT 0x00000000BFEED1B5 000028 (v01 PTLTD  $SBFTBL$ 06040000  LTP 00000001)
Nov 23 21:38:55 devspace kernel: [    0.000000] ACPI: APIC 0x00000000BFEEC8BD 000742 (v01 PTLTD  ? APIC   06040000  LTP 00000000)
Nov 23 21:38:55 devspace kernel: [    0.000000] ACPI: MCFG 0x00000000BFEEC881 00003C (v01 PTLTD  $PCITBL$ 06040000  LTP 00000001)
Nov 23 21:38:55 devspace kernel: [    0.000000] ACPI: SRAT 0x00000000BFEEB757 0008A8 (v02 VMWARE MEMPLUG  06040000 VMW  00000001)
Nov 23 21:38:55 devspace kernel: [    0.000000] ACPI: HPET 0x00000000BFEEB71F 000038 (v01 VMWARE VMW HPET 06040000 VMW  00000001)
Nov 23 21:38:55 devspace kernel: [    0.000000] ACPI: WAET 0x00000000BFEEB6F7 000028 (v01 VMWARE VMW WAET 06040000 VMW  00000001)
Nov 23 21:38:55 devspace kernel: [    0.000000] Setting APIC routing to physical flat.
Nov 23 21:38:55 devspace kernel: [    0.000000] SRAT: PXM 0 -> APIC 0x00 -> Node 0
Nov 23 21:38:55 devspace kernel: [    0.000000] SRAT: PXM 0 -> APIC 0x01 -> Node 0
Nov 23 21:38:55 devspace kernel: [    0.000000] SRAT: PXM 0 -> APIC 0x02 -> Node 0
Nov 23 21:38:55 devspace kernel: [    0.000000] SRAT: PXM 0 -> APIC 0x03 -> Node 0
Nov 23 21:38:55 devspace kernel: [    0.000000] SRAT: PXM 0 -> APIC 0x04 -> Node 0
Nov 23 21:38:55 devspace kernel: [    0.000000] SRAT: PXM 0 -> APIC 0x05 -> Node 0
Nov 23 21:38:55 devspace kernel: [    0.000000] SRAT: PXM 0 -> APIC 0x06 -> Node 0
Nov 23 21:38:55 devspace kernel: [    0.000000] SRAT: PXM 0 -> APIC 0x07 -> Node 0
Nov 23 21:38:55 devspace kernel: [    0.000000] SRAT: PXM 0 -> APIC 0x08 -> Node 0
Nov 23 21:38:55 devspace kernel: [    0.000000] SRAT: PXM 0 -> APIC 0x09 -> Node 0
Nov 23 21:38:55 devspace kernel: [    0.000000] SRAT: PXM 0 -> APIC 0x0a -> Node 0
Nov 23 21:38:55 devspace liblogging-stdlog:  [origin software="rsyslogd" swVersion="8.24.0" x-pid="490" x-info="http://www.rsyslog.com"] start
Nov 23 21:38:55 devspace kernel: [    0.000000] SRAT: PXM 0 -> APIC 0x0b -> Node 0
Nov 23 21:38:55 devspace kernel: [    0.000000] SRAT: PXM 0 -> APIC 0x0c -> Node 0
Nov 23 21:38:55 devspace kernel: [    0.000000] SRAT: PXM 0 -> APIC 0x0d -> Node 0
Nov 23 21:38:55 devspace kernel: [    0.000000] SRAT: PXM 0 -> APIC 0x0e -> Node 0
Nov 23 21:38:55 devspace kernel: [    0.000000] SRAT: PXM 0 -> APIC 0x0f -> Node 0
Nov 23 21:38:55 devspace kernel: [    0.000000] SRAT: PXM 0 -> APIC 0x10 -> Node 0
Nov 23 21:38:55 devspace kernel: [    0.000000] SRAT: PXM 0 -> APIC 0x11 -> Node 0
Nov 23 21:38:55 devspace kernel: [    0.000000] SRAT: PXM 0 -> APIC 0x12 -> Node 0
Nov 23 21:38:55 devspace kernel: [    0.000000] SRAT: PXM 0 -> APIC 0x13 -> Node 0
Nov 23 21:38:55 devspace kernel: [    0.000000] SRAT: PXM 0 -> APIC 0x14 -> Node 0
Nov 23 21:38:55 devspace kernel: [    0.000000] SRAT: PXM 0 -> APIC 0x15 -> Node 0
Nov 23 21:38:55 devspace kernel: [    0.000000] SRAT: PXM 0 -> APIC 0x16 -> Node 0
Nov 23 21:38:55 devspace kernel: [    0.000000] SRAT: PXM 0 -> APIC 0x17 -> Node 0
Nov 23 21:38:55 devspace kernel: [    0.000000] SRAT: PXM 0 -> APIC 0x18 -> Node 0
Nov 23 21:38:55 devspace kernel: [    0.000000] SRAT: PXM 0 -> APIC 0x19 -> Node 0
Nov 23 21:38:55 devspace kernel: [    0.000000] SRAT: PXM 0 -> APIC 0x1a -> Node 0
Nov 23 21:38:55 devspace kernel: [    0.000000] SRAT: PXM 0 -> APIC 0x1b -> Node 0
Nov 23 21:38:55 devspace kernel: [    0.000000] SRAT: PXM 0 -> APIC 0x1c -> Node 0
Nov 23 21:38:55 devspace kernel: [    0.000000] SRAT: PXM 0 -> APIC 0x1d -> Node 0
Nov 23 21:38:55 devspace kernel: [    0.000000] SRAT: PXM 0 -> APIC 0x1e -> Node 0
Nov 23 21:38:55 devspace kernel: [    0.000000] SRAT: PXM 0 -> APIC 0x1f -> Node 0
Nov 23 21:38:55 devspace kernel: [    0.000000] SRAT: PXM 0 -> APIC 0x20 -> Node 0
Nov 23 21:38:55 devspace kernel: [    0.000000] SRAT: PXM 0 -> APIC 0x21 -> Node 0
Nov 23 21:38:55 devspace kernel: [    0.000000] SRAT: PXM 0 -> APIC 0x22 -> Node 0
Nov 23 21:38:55 devspace kernel: [    0.000000] SRAT: PXM 0 -> APIC 0x23 -> Node 0
Nov 23 21:38:55 devspace kernel: [    0.000000] SRAT: PXM 0 -> APIC 0x24 -> Node 0
Nov 23 21:38:55 devspace kernel: [    0.000000] SRAT: PXM 0 -> APIC 0x25 -> Node 0
Nov 23 21:38:55 devspace kernel: [    0.000000] SRAT: PXM 0 -> APIC 0x26 -> Node 0
Nov 23 21:38:55 devspace kernel: [    0.000000] SRAT: PXM 0 -> APIC 0x27 -> Node 0
Nov 23 21:38:55 devspace kernel: [    0.000000] SRAT: PXM 0 -> APIC 0x28 -> Node 0
Nov 23 21:38:55 devspace kernel: [    0.000000] SRAT: PXM 0 -> APIC 0x29 -> Node 0
Nov 23 21:38:55 devspace kernel: [    0.000000] SRAT: PXM 0 -> APIC 0x2a -> Node 0
Nov 23 21:38:55 devspace kernel: [    0.000000] SRAT: PXM 0 -> APIC 0x2b -> Node 0
Nov 23 21:38:55 devspace kernel: [    0.000000] SRAT: PXM 0 -> APIC 0x2c -> Node 0
Nov 23 21:38:55 devspace kernel: [    0.000000] SRAT: PXM 0 -> APIC 0x2d -> Node 0
Nov 23 21:38:55 devspace kernel: [    0.000000] SRAT: PXM 0 -> APIC 0x2e -> Node 0
Nov 23 21:38:55 devspace kernel: [    0.000000] SRAT: PXM 0 -> APIC 0x2f -> Node 0
Nov 23 21:38:55 devspace kernel: [    0.000000] SRAT: PXM 0 -> APIC 0x30 -> Node 0
Nov 23 21:38:55 devspace kernel: [    0.000000] SRAT: PXM 0 -> APIC 0x31 -> Node 0
Nov 23 21:38:55 devspace kernel: [    0.000000] SRAT: PXM 0 -> APIC 0x32 -> Node 0
Nov 23 21:38:55 devspace kernel: [    0.000000] SRAT: PXM 0 -> APIC 0x33 -> Node 0
Nov 23 21:38:55 devspace kernel: [    0.000000] SRAT: PXM 0 -> APIC 0x34 -> Node 0
Nov 23 21:38:55 devspace kernel: [    0.000000] SRAT: PXM 0 -> APIC 0x35 -> Node 0
Nov 23 21:38:55 devspace kernel: [    0.000000] SRAT: PXM 0 -> APIC 0x36 -> Node 0
Nov 23 21:38:55 devspace kernel: [    0.000000] SRAT: PXM 0 -> APIC 0x37 -> Node 0
Nov 23 21:38:55 devspace kernel: [    0.000000] SRAT: PXM 0 -> APIC 0x38 -> Node 0
Nov 23 21:38:55 devspace kernel: [    0.000000] SRAT: PXM 0 -> APIC 0x39 -> Node 0
Nov 23 21:38:55 devspace kernel: [    0.000000] SRAT: PXM 0 -> APIC 0x3a -> Node 0
Nov 23 21:38:55 devspace kernel: [    0.000000] SRAT: PXM 0 -> APIC 0x3b -> Node 0
Nov 23 21:38:55 devspace kernel: [    0.000000] SRAT: PXM 0 -> APIC 0x3c -> Node 0
Nov 23 21:38:55 devspace kernel: [    0.000000] SRAT: PXM 0 -> APIC 0x3d -> Node 0
Nov 23 21:38:55 devspace kernel: [    0.000000] SRAT: PXM 0 -> APIC 0x3e -> Node 0
Nov 23 21:38:55 devspace kernel: [    0.000000] SRAT: PXM 0 -> APIC 0x3f -> Node 0
Nov 23 21:38:55 devspace kernel: [    0.000000] SRAT: PXM 0 -> APIC 0x40 -> Node 0
Nov 23 21:38:55 devspace kernel: [    0.000000] SRAT: PXM 0 -> APIC 0x41 -> Node 0
Nov 23 21:38:55 devspace kernel: [    0.000000] SRAT: PXM 0 -> APIC 0x42 -> Node 0
Nov 23 21:38:55 devspace kernel: [    0.000000] SRAT: PXM 0 -> APIC 0x43 -> Node 0
Nov 23 21:38:55 devspace kernel: [    0.000000] SRAT: PXM 0 -> APIC 0x44 -> Node 0
Nov 23 21:38:55 devspace kernel: [    0.000000] SRAT: PXM 0 -> APIC 0x45 -> Node 0
Nov 23 21:38:55 devspace kernel: [    0.000000] SRAT: PXM 0 -> APIC 0x46 -> Node 0
Nov 23 21:38:55 devspace kernel: [    0.000000] SRAT: PXM 0 -> APIC 0x47 -> Node 0
Nov 23 21:38:55 devspace kernel: [    0.000000] SRAT: PXM 0 -> APIC 0x48 -> Node 0
Nov 23 21:38:55 devspace kernel: [    0.000000] SRAT: PXM 0 -> APIC 0x49 -> Node 0
Nov 23 21:38:55 devspace kernel: [    0.000000] SRAT: PXM 0 -> APIC 0x4a -> Node 0
Nov 23 21:38:55 devspace kernel: [    0.000000] SRAT: PXM 0 -> APIC 0x4b -> Node 0
Nov 23 21:38:55 devspace kernel: [    0.000000] SRAT: PXM 0 -> APIC 0x4c -> Node 0
Nov 23 21:38:55 devspace kernel: [    0.000000] SRAT: PXM 0 -> APIC 0x4d -> Node 0
Nov 23 21:38:55 devspace kernel: [    0.000000] SRAT: PXM 0 -> APIC 0x4e -> Node 0
Nov 23 21:38:55 devspace kernel: [    0.000000] SRAT: PXM 0 -> APIC 0x4f -> Node 0
Nov 23 21:38:55 devspace kernel: [    0.000000] SRAT: PXM 0 -> APIC 0x50 -> Node 0
Nov 23 21:38:55 devspace kernel: [    0.000000] SRAT: PXM 0 -> APIC 0x51 -> Node 0
Nov 23 21:38:55 devspace kernel: [    0.000000] SRAT: PXM 0 -> APIC 0x52 -> Node 0
Nov 23 21:38:55 devspace kernel: [    0.000000] SRAT: PXM 0 -> APIC 0x53 -> Node 0
Nov 23 21:38:55 devspace kernel: [    0.000000] SRAT: PXM 0 -> APIC 0x54 -> Node 0
Nov 23 21:38:55 devspace kernel: [    0.000000] SRAT: PXM 0 -> APIC 0x55 -> Node 0
Nov 23 21:38:55 devspace kernel: [    0.000000] SRAT: PXM 0 -> APIC 0x56 -> Node 0
Nov 23 21:38:55 devspace kernel: [    0.000000] SRAT: PXM 0 -> APIC 0x57 -> Node 0
Nov 23 21:38:55 devspace kernel: [    0.000000] SRAT: PXM 0 -> APIC 0x58 -> Node 0
Nov 23 21:38:55 devspace kernel: [    0.000000] SRAT: PXM 0 -> APIC 0x59 -> Node 0
Nov 23 21:38:55 devspace kernel: [    0.000000] SRAT: PXM 0 -> APIC 0x5a -> Node 0
Nov 23 21:38:55 devspace kernel: [    0.000000] SRAT: PXM 0 -> APIC 0x5b -> Node 0
Nov 23 21:38:55 devspace kernel: [    0.000000] SRAT: PXM 0 -> APIC 0x5c -> Node 0
Nov 23 21:38:55 devspace kernel: [    0.000000] SRAT: PXM 0 -> APIC 0x5d -> Node 0
Nov 23 21:38:55 devspace kernel: [    0.000000] SRAT: PXM 0 -> APIC 0x5e -> Node 0
Nov 23 21:38:55 devspace kernel: [    0.000000] SRAT: PXM 0 -> APIC 0x5f -> Node 0
Nov 23 21:38:55 devspace kernel: [    0.000000] SRAT: PXM 0 -> APIC 0x60 -> Node 0
Nov 23 21:38:55 devspace kernel: [    0.000000] SRAT: PXM 0 -> APIC 0x61 -> Node 0
Nov 23 21:38:55 devspace kernel: [    0.000000] SRAT: PXM 0 -> APIC 0x62 -> Node 0
Nov 23 21:38:55 devspace kernel: [    0.000000] SRAT: PXM 0 -> APIC 0x63 -> Node 0
Nov 23 21:38:55 devspace kernel: [    0.000000] SRAT: PXM 0 -> APIC 0x64 -> Node 0
Nov 23 21:38:55 devspace kernel: [    0.000000] SRAT: PXM 0 -> APIC 0x65 -> Node 0
Nov 23 21:38:55 devspace kernel: [    0.000000] SRAT: PXM 0 -> APIC 0x66 -> Node 0
Nov 23 21:38:55 devspace kernel: [    0.000000] SRAT: PXM 0 -> APIC 0x67 -> Node 0
Nov 23 21:38:55 devspace kernel: [    0.000000] SRAT: PXM 0 -> APIC 0x68 -> Node 0
Nov 23 21:38:55 devspace kernel: [    0.000000] SRAT: PXM 0 -> APIC 0x69 -> Node 0
Nov 23 21:38:55 devspace kernel: [    0.000000] SRAT: PXM 0 -> APIC 0x6a -> Node 0
Nov 23 21:38:55 devspace kernel: [    0.000000] SRAT: PXM 0 -> APIC 0x6b -> Node 0
Nov 23 21:38:55 devspace kernel: [    0.000000] SRAT: PXM 0 -> APIC 0x6c -> Node 0
Nov 23 21:38:55 devspace kernel: [    0.000000] SRAT: PXM 0 -> APIC 0x6d -> Node 0
Nov 23 21:38:55 devspace kernel: [    0.000000] SRAT: PXM 0 -> APIC 0x6e -> Node 0
Nov 23 21:38:55 devspace kernel: [    0.000000] SRAT: PXM 0 -> APIC 0x6f -> Node 0
Nov 23 21:38:55 devspace kernel: [    0.000000] SRAT: PXM 0 -> APIC 0x70 -> Node 0
Nov 23 21:38:55 devspace kernel: [    0.000000] SRAT: PXM 0 -> APIC 0x71 -> Node 0
Nov 23 21:38:55 devspace kernel: [    0.000000] SRAT: PXM 0 -> APIC 0x72 -> Node 0
Nov 23 21:38:55 devspace kernel: [    0.000000] SRAT: PXM 0 -> APIC 0x73 -> Node 0
Nov 23 21:38:55 devspace kernel: [    0.000000] SRAT: PXM 0 -> APIC 0x74 -> Node 0
Nov 23 21:38:55 devspace kernel: [    0.000000] SRAT: PXM 0 -> APIC 0x75 -> Node 0
Nov 23 21:38:55 devspace kernel: [    0.000000] SRAT: PXM 0 -> APIC 0x76 -> Node 0
Nov 23 21:38:55 devspace kernel: [    0.000000] SRAT: PXM 0 -> APIC 0x77 -> Node 0
Nov 23 21:38:55 devspace kernel: [    0.000000] SRAT: PXM 0 -> APIC 0x78 -> Node 0
Nov 23 21:38:55 devspace kernel: [    0.000000] SRAT: PXM 0 -> APIC 0x79 -> Node 0
Nov 23 21:38:55 devspace kernel: [    0.000000] SRAT: PXM 0 -> APIC 0x7a -> Node 0
Nov 23 21:38:55 devspace kernel: [    0.000000] SRAT: PXM 0 -> APIC 0x7b -> Node 0
Nov 23 21:38:55 devspace kernel: [    0.000000] SRAT: PXM 0 -> APIC 0x7c -> Node 0
Nov 23 21:38:55 devspace kernel: [    0.000000] SRAT: PXM 0 -> APIC 0x7d -> Node 0
Nov 23 21:38:55 devspace kernel: [    0.000000] SRAT: PXM 0 -> APIC 0x7e -> Node 0
Nov 23 21:38:55 devspace kernel: [    0.000000] SRAT: PXM 0 -> APIC 0x7f -> Node 0
Nov 23 21:38:55 devspace kernel: [    0.000000] ACPI: SRAT: Node 0 PXM 0 [mem 0x00000000-0x0009ffff]
Nov 23 21:38:55 devspace kernel: [    0.000000] ACPI: SRAT: Node 0 PXM 0 [mem 0x00100000-0xbfffffff]
Nov 23 21:38:55 devspace kernel: [    0.000000] ACPI: SRAT: Node 0 PXM 0 [mem 0x100000000-0x23fffffff]
Nov 23 21:38:55 devspace kernel: [    0.000000] NUMA: Node 0 [mem 0x00000000-0x0009ffff] + [mem 0x00100000-0xbfffffff] -> [mem 0x00000000-0xbfffffff]
Nov 23 21:38:55 devspace kernel: [    0.000000] NUMA: Node 0 [mem 0x00000000-0xbfffffff] + [mem 0x100000000-0x23fffffff] -> [mem 0x00000000-0x23fffffff]
Nov 23 21:38:55 devspace kernel: [    0.000000] NODE_DATA(0) allocated [mem 0x23fffb000-0x23fffffff]
Nov 23 21:38:55 devspace kernel: [    0.000000] Zone ranges:
Nov 23 21:38:55 devspace kernel: [    0.000000]   DMA      [mem 0x0000000000001000-0x0000000000ffffff]
Nov 23 21:38:55 devspace kernel: [    0.000000]   DMA32    [mem 0x0000000001000000-0x00000000ffffffff]
Nov 23 21:38:55 devspace kernel: [    0.000000]   Normal   [mem 0x0000000100000000-0x000000023fffffff]
Nov 23 21:38:55 devspace kernel: [    0.000000]   Device   empty
Nov 23 21:38:55 devspace kernel: [    0.000000] Movable zone start for each node
Nov 23 21:38:55 devspace kernel: [    0.000000] Early memory node ranges
Nov 23 21:38:55 devspace kernel: [    0.000000]   node   0: [mem 0x0000000000001000-0x000000000009dfff]
Nov 23 21:38:55 devspace kernel: [    0.000000]   node   0: [mem 0x0000000000100000-0x00000000bfedffff]
Nov 23 21:38:55 devspace kernel: [    0.000000]   node   0: [mem 0x00000000bff00000-0x00000000bfffffff]
Nov 23 21:38:55 devspace kernel: [    0.000000]   node   0: [mem 0x0000000100000000-0x000000023fffffff]
Nov 23 21:38:55 devspace kernel: [    0.000000] Initmem setup node 0 [mem 0x0000000000001000-0x000000023fffffff]
Nov 23 21:38:55 devspace kernel: [    0.000000] ACPI: PM-Timer IO Port: 0x1008
Nov 23 21:38:55 devspace kernel: [    0.000000] ACPI: LAPIC_NMI (acpi_id[0x00] high edge lint[0x1])
Nov 23 21:38:55 devspace kernel: [    0.000000] ACPI: LAPIC_NMI (acpi_id[0x01] high edge lint[0x1])
Nov 23 21:38:55 devspace kernel: [    0.000000] ACPI: LAPIC_NMI (acpi_id[0x02] high edge lint[0x1])
Nov 23 21:38:55 devspace kernel: [    0.000000] ACPI: LAPIC_NMI (acpi_id[0x03] high edge lint[0x1])
Nov 23 21:38:55 devspace kernel: [    0.000000] ACPI: LAPIC_NMI (acpi_id[0x04] high edge lint[0x1])
Nov 23 21:38:55 devspace kernel: [    0.000000] ACPI: LAPIC_NMI (acpi_id[0x05] high edge lint[0x1])
Nov 23 21:38:55 devspace kernel: [    0.000000] ACPI: LAPIC_NMI (acpi_id[0x06] high edge lint[0x1])
Nov 23 21:38:55 devspace kernel: [    0.000000] ACPI: LAPIC_NMI (acpi_id[0x07] high edge lint[0x1])
Nov 23 21:38:55 devspace kernel: [    0.000000] ACPI: LAPIC_NMI (acpi_id[0x08] high edge lint[0x1])
Nov 23 21:38:55 devspace kernel: [    0.000000] ACPI: LAPIC_NMI (acpi_id[0x09] high edge lint[0x1])
Nov 23 21:38:55 devspace kernel: [    0.000000] ACPI: LAPIC_NMI (acpi_id[0x0a] high edge lint[0x1])
Nov 23 21:38:55 devspace kernel: [    0.000000] ACPI: LAPIC_NMI (acpi_id[0x0b] high edge lint[0x1])
Nov 23 21:38:55 devspace kernel: [    0.000000] ACPI: LAPIC_NMI (acpi_id[0x0c] high edge lint[0x1])
Nov 23 21:38:55 devspace kernel: [    0.000000] ACPI: LAPIC_NMI (acpi_id[0x0d] high edge lint[0x1])
Nov 23 21:38:55 devspace kernel: [    0.000000] ACPI: LAPIC_NMI (acpi_id[0x0e] high edge lint[0x1])
Nov 23 21:38:55 devspace kernel: [    0.000000] ACPI: LAPIC_NMI (acpi_id[0x0f] high edge lint[0x1])
Nov 23 21:38:55 devspace kernel: [    0.000000] ACPI: LAPIC_NMI (acpi_id[0x10] high edge lint[0x1])
Nov 23 21:38:55 devspace kernel: [    0.000000] ACPI: LAPIC_NMI (acpi_id[0x11] high edge lint[0x1])
Nov 23 21:38:55 devspace kernel: [    0.000000] ACPI: LAPIC_NMI (acpi_id[0x12] high edge lint[0x1])
Nov 23 21:38:55 devspace kernel: [    0.000000] ACPI: LAPIC_NMI (acpi_id[0x13] high edge lint[0x1])
Nov 23 21:38:55 devspace kernel: [    0.000000] ACPI: LAPIC_NMI (acpi_id[0x14] high edge lint[0x1])
Nov 23 21:38:55 devspace kernel: [    0.000000] ACPI: LAPIC_NMI (acpi_id[0x15] high edge lint[0x1])
Nov 23 21:38:55 devspace kernel: [    0.000000] ACPI: LAPIC_NMI (acpi_id[0x16] high edge lint[0x1])
Nov 23 21:38:55 devspace kernel: [    0.000000] ACPI: LAPIC_NMI (acpi_id[0x17] high edge lint[0x1])
Nov 23 21:38:55 devspace kernel: [    0.000000] ACPI: LAPIC_NMI (acpi_id[0x18] high edge lint[0x1])
Nov 23 21:38:55 devspace kernel: [    0.000000] ACPI: LAPIC_NMI (acpi_id[0x19] high edge lint[0x1])
Nov 23 21:38:55 devspace kernel: [    0.000000] ACPI: LAPIC_NMI (acpi_id[0x1a] high edge lint[0x1])
Nov 23 21:38:55 devspace kernel: [    0.000000] ACPI: LAPIC_NMI (acpi_id[0x1b] high edge lint[0x1])
Nov 23 21:38:55 devspace kernel: [    0.000000] ACPI: LAPIC_NMI (acpi_id[0x1c] high edge lint[0x1])
Nov 23 21:38:55 devspace kernel: [    0.000000] ACPI: LAPIC_NMI (acpi_id[0x1d] high edge lint[0x1])
Nov 23 21:38:55 devspace kernel: [    0.000000] ACPI: LAPIC_NMI (acpi_id[0x1e] high edge lint[0x1])
Nov 23 21:38:55 devspace kernel: [    0.000000] ACPI: LAPIC_NMI (acpi_id[0x1f] high edge lint[0x1])
Nov 23 21:38:55 devspace kernel: [    0.000000] ACPI: LAPIC_NMI (acpi_id[0x20] high edge lint[0x1])
Nov 23 21:38:55 devspace kernel: [    0.000000] ACPI: LAPIC_NMI (acpi_id[0x21] high edge lint[0x1])
Nov 23 21:38:55 devspace kernel: [    0.000000] ACPI: LAPIC_NMI (acpi_id[0x22] high edge lint[0x1])
Nov 23 21:38:55 devspace kernel: [    0.000000] ACPI: LAPIC_NMI (acpi_id[0x23] high edge lint[0x1])
Nov 23 21:38:55 devspace kernel: [    0.000000] ACPI: LAPIC_NMI (acpi_id[0x24] high edge lint[0x1])
Nov 23 21:38:55 devspace kernel: [    0.000000] ACPI: LAPIC_NMI (acpi_id[0x25] high edge lint[0x1])
Nov 23 21:38:55 devspace kernel: [    0.000000] ACPI: LAPIC_NMI (acpi_id[0x26] high edge lint[0x1])
Nov 23 21:38:55 devspace kernel: [    0.000000] ACPI: LAPIC_NMI (acpi_id[0x27] high edge lint[0x1])
Nov 23 21:38:55 devspace kernel: [    0.000000] ACPI: LAPIC_NMI (acpi_id[0x28] high edge lint[0x1])
Nov 23 21:38:55 devspace kernel: [    0.000000] ACPI: LAPIC_NMI (acpi_id[0x29] high edge lint[0x1])
Nov 23 21:38:55 devspace kernel: [    0.000000] ACPI: LAPIC_NMI (acpi_id[0x2a] high edge lint[0x1])
Nov 23 21:38:55 devspace kernel: [    0.000000] ACPI: LAPIC_NMI (acpi_id[0x2b] high edge lint[0x1])
Nov 23 21:38:55 devspace kernel: [    0.000000] ACPI: LAPIC_NMI (acpi_id[0x2c] high edge lint[0x1])
Nov 23 21:38:55 devspace kernel: [    0.000000] ACPI: LAPIC_NMI (acpi_id[0x2d] high edge lint[0x1])
Nov 23 21:38:55 devspace kernel: [    0.000000] ACPI: LAPIC_NMI (acpi_id[0x2e] high edge lint[0x1])
Nov 23 21:38:55 devspace kernel: [    0.000000] ACPI: LAPIC_NMI (acpi_id[0x2f] high edge lint[0x1])
Nov 23 21:38:55 devspace kernel: [    0.000000] ACPI: LAPIC_NMI (acpi_id[0x30] high edge lint[0x1])
Nov 23 21:38:55 devspace kernel: [    0.000000] ACPI: LAPIC_NMI (acpi_id[0x31] high edge lint[0x1])
Nov 23 21:38:55 devspace kernel: [    0.000000] ACPI: LAPIC_NMI (acpi_id[0x32] high edge lint[0x1])
Nov 23 21:38:55 devspace kernel: [    0.000000] ACPI: LAPIC_NMI (acpi_id[0x33] high edge lint[0x1])
Nov 23 21:38:55 devspace kernel: [    0.000000] ACPI: LAPIC_NMI (acpi_id[0x34] high edge lint[0x1])
Nov 23 21:38:55 devspace kernel: [    0.000000] ACPI: LAPIC_NMI (acpi_id[0x35] high edge lint[0x1])
Nov 23 21:38:55 devspace kernel: [    0.000000] ACPI: LAPIC_NMI (acpi_id[0x36] high edge lint[0x1])
Nov 23 21:38:55 devspace kernel: [    0.000000] ACPI: LAPIC_NMI (acpi_id[0x37] high edge lint[0x1])
Nov 23 21:38:55 devspace kernel: [    0.000000] ACPI: LAPIC_NMI (acpi_id[0x38] high edge lint[0x1])
Nov 23 21:38:55 devspace kernel: [    0.000000] ACPI: LAPIC_NMI (acpi_id[0x39] high edge lint[0x1])
Nov 23 21:38:55 devspace kernel: [    0.000000] ACPI: LAPIC_NMI (acpi_id[0x3a] high edge lint[0x1])
Nov 23 21:38:55 devspace kernel: [    0.000000] ACPI: LAPIC_NMI (acpi_id[0x3b] high edge lint[0x1])
Nov 23 21:38:55 devspace kernel: [    0.000000] ACPI: LAPIC_NMI (acpi_id[0x3c] high edge lint[0x1])
Nov 23 21:38:55 devspace kernel: [    0.000000] ACPI: LAPIC_NMI (acpi_id[0x3d] high edge lint[0x1])
Nov 23 21:38:55 devspace kernel: [    0.000000] ACPI: LAPIC_NMI (acpi_id[0x3e] high edge lint[0x1])
Nov 23 21:38:55 devspace kernel: [    0.000000] ACPI: LAPIC_NMI (acpi_id[0x3f] high edge lint[0x1])
Nov 23 21:38:55 devspace kernel: [    0.000000] ACPI: LAPIC_NMI (acpi_id[0x40] high edge lint[0x1])
Nov 23 21:38:55 devspace kernel: [    0.000000] ACPI: LAPIC_NMI (acpi_id[0x41] high edge lint[0x1])
Nov 23 21:38:55 devspace kernel: [    0.000000] ACPI: LAPIC_NMI (acpi_id[0x42] high edge lint[0x1])
Nov 23 21:38:55 devspace kernel: [    0.000000] ACPI: LAPIC_NMI (acpi_id[0x43] high edge lint[0x1])
Nov 23 21:38:55 devspace kernel: [    0.000000] ACPI: LAPIC_NMI (acpi_id[0x44] high edge lint[0x1])
Nov 23 21:38:55 devspace kernel: [    0.000000] ACPI: LAPIC_NMI (acpi_id[0x45] high edge lint[0x1])
Nov 23 21:38:55 devspace kernel: [    0.000000] ACPI: LAPIC_NMI (acpi_id[0x46] high edge lint[0x1])
Nov 23 21:38:55 devspace kernel: [    0.000000] ACPI: LAPIC_NMI (acpi_id[0x47] high edge lint[0x1])
Nov 23 21:38:55 devspace kernel: [    0.000000] ACPI: LAPIC_NMI (acpi_id[0x48] high edge lint[0x1])
Nov 23 21:38:55 devspace kernel: [    0.000000] ACPI: LAPIC_NMI (acpi_id[0x49] high edge lint[0x1])
Nov 23 21:38:55 devspace kernel: [    0.000000] ACPI: LAPIC_NMI (acpi_id[0x4a] high edge lint[0x1])
Nov 23 21:38:55 devspace kernel: [    0.000000] ACPI: LAPIC_NMI (acpi_id[0x4b] high edge lint[0x1])
Nov 23 21:38:55 devspace kernel: [    0.000000] ACPI: LAPIC_NMI (acpi_id[0x4c] high edge lint[0x1])
Nov 23 21:38:55 devspace kernel: [    0.000000] ACPI: LAPIC_NMI (acpi_id[0x4d] high edge lint[0x1])
Nov 23 21:38:55 devspace kernel: [    0.000000] ACPI: LAPIC_NMI (acpi_id[0x4e] high edge lint[0x1])
Nov 23 21:38:55 devspace kernel: [    0.000000] ACPI: LAPIC_NMI (acpi_id[0x4f] high edge lint[0x1])
Nov 23 21:38:55 devspace kernel: [    0.000000] ACPI: LAPIC_NMI (acpi_id[0x50] high edge lint[0x1])
Nov 23 21:38:55 devspace kernel: [    0.000000] ACPI: LAPIC_NMI (acpi_id[0x51] high edge lint[0x1])
Nov 23 21:38:55 devspace kernel: [    0.000000] ACPI: LAPIC_NMI (acpi_id[0x52] high edge lint[0x1])
Nov 23 21:38:55 devspace kernel: [    0.000000] ACPI: LAPIC_NMI (acpi_id[0x53] high edge lint[0x1])
Nov 23 21:38:55 devspace kernel: [    0.000000] ACPI: LAPIC_NMI (acpi_id[0x54] high edge lint[0x1])
Nov 23 21:38:55 devspace kernel: [    0.000000] ACPI: LAPIC_NMI (acpi_id[0x55] high edge lint[0x1])
Nov 23 21:38:55 devspace kernel: [    0.000000] ACPI: LAPIC_NMI (acpi_id[0x56] high edge lint[0x1])
Nov 23 21:38:55 devspace kernel: [    0.000000] ACPI: LAPIC_NMI (acpi_id[0x57] high edge lint[0x1])
Nov 23 21:38:55 devspace kernel: [    0.000000] ACPI: LAPIC_NMI (acpi_id[0x58] high edge lint[0x1])
Nov 23 21:38:55 devspace kernel: [    0.000000] ACPI: LAPIC_NMI (acpi_id[0x59] high edge lint[0x1])
Nov 23 21:38:55 devspace kernel: [    0.000000] ACPI: LAPIC_NMI (acpi_id[0x5a] high edge lint[0x1])
Nov 23 21:38:55 devspace kernel: [    0.000000] ACPI: LAPIC_NMI (acpi_id[0x5b] high edge lint[0x1])
Nov 23 21:38:55 devspace kernel: [    0.000000] ACPI: LAPIC_NMI (acpi_id[0x5c] high edge lint[0x1])
Nov 23 21:38:55 devspace kernel: [    0.000000] ACPI: LAPIC_NMI (acpi_id[0x5d] high edge lint[0x1])
Nov 23 21:38:55 devspace kernel: [    0.000000] ACPI: LAPIC_NMI (acpi_id[0x5e] high edge lint[0x1])
Nov 23 21:38:55 devspace kernel: [    0.000000] ACPI: LAPIC_NMI (acpi_id[0x5f] high edge lint[0x1])
Nov 23 21:38:55 devspace kernel: [    0.000000] ACPI: LAPIC_NMI (acpi_id[0x60] high edge lint[0x1])
Nov 23 21:38:55 devspace kernel: [    0.000000] ACPI: LAPIC_NMI (acpi_id[0x61] high edge lint[0x1])
Nov 23 21:38:55 devspace kernel: [    0.000000] ACPI: LAPIC_NMI (acpi_id[0x62] high edge lint[0x1])
Nov 23 21:38:55 devspace kernel: [    0.000000] ACPI: LAPIC_NMI (acpi_id[0x63] high edge lint[0x1])
Nov 23 21:38:55 devspace kernel: [    0.000000] ACPI: LAPIC_NMI (acpi_id[0x64] high edge lint[0x1])
Nov 23 21:38:55 devspace kernel: [    0.000000] ACPI: LAPIC_NMI (acpi_id[0x65] high edge lint[0x1])
Nov 23 21:38:55 devspace kernel: [    0.000000] ACPI: LAPIC_NMI (acpi_id[0x66] high edge lint[0x1])
Nov 23 21:38:55 devspace kernel: [    0.000000] ACPI: LAPIC_NMI (acpi_id[0x67] high edge lint[0x1])
Nov 23 21:38:55 devspace kernel: [    0.000000] ACPI: LAPIC_NMI (acpi_id[0x68] high edge lint[0x1])
Nov 23 21:38:55 devspace kernel: [    0.000000] ACPI: LAPIC_NMI (acpi_id[0x69] high edge lint[0x1])
Nov 23 21:38:55 devspace kernel: [    0.000000] ACPI: LAPIC_NMI (acpi_id[0x6a] high edge lint[0x1])
Nov 23 21:38:55 devspace kernel: [    0.000000] ACPI: LAPIC_NMI (acpi_id[0x6b] high edge lint[0x1])
Nov 23 21:38:55 devspace kernel: [    0.000000] ACPI: LAPIC_NMI (acpi_id[0x6c] high edge lint[0x1])
Nov 23 21:38:55 devspace kernel: [    0.000000] ACPI: LAPIC_NMI (acpi_id[0x6d] high edge lint[0x1])
Nov 23 21:38:55 devspace kernel: [    0.000000] ACPI: LAPIC_NMI (acpi_id[0x6e] high edge lint[0x1])
Nov 23 21:38:55 devspace kernel: [    0.000000] ACPI: LAPIC_NMI (acpi_id[0x6f] high edge lint[0x1])
Nov 23 21:38:55 devspace kernel: [    0.000000] ACPI: LAPIC_NMI (acpi_id[0x70] high edge lint[0x1])
Nov 23 21:38:55 devspace kernel: [    0.000000] ACPI: LAPIC_NMI (acpi_id[0x71] high edge lint[0x1])
Nov 23 21:38:55 devspace kernel: [    0.000000] ACPI: LAPIC_NMI (acpi_id[0x72] high edge lint[0x1])
Nov 23 21:38:55 devspace kernel: [    0.000000] ACPI: LAPIC_NMI (acpi_id[0x73] high edge lint[0x1])
Nov 23 21:38:55 devspace kernel: [    0.000000] ACPI: LAPIC_NMI (acpi_id[0x74] high edge lint[0x1])
Nov 23 21:38:55 devspace kernel: [    0.000000] ACPI: LAPIC_NMI (acpi_id[0x75] high edge lint[0x1])
Nov 23 21:38:55 devspace kernel: [    0.000000] ACPI: LAPIC_NMI (acpi_id[0x76] high edge lint[0x1])
Nov 23 21:38:55 devspace kernel: [    0.000000] ACPI: LAPIC_NMI (acpi_id[0x77] high edge lint[0x1])
Nov 23 21:38:55 devspace kernel: [    0.000000] ACPI: LAPIC_NMI (acpi_id[0x78] high edge lint[0x1])
Nov 23 21:38:55 devspace kernel: [    0.000000] ACPI: LAPIC_NMI (acpi_id[0x79] high edge lint[0x1])
Nov 23 21:38:55 devspace kernel: [    0.000000] ACPI: LAPIC_NMI (acpi_id[0x7a] high edge lint[0x1])
Nov 23 21:38:55 devspace kernel: [    0.000000] ACPI: LAPIC_NMI (acpi_id[0x7b] high edge lint[0x1])
Nov 23 21:38:55 devspace kernel: [    0.000000] ACPI: LAPIC_NMI (acpi_id[0x7c] high edge lint[0x1])
Nov 23 21:38:55 devspace kernel: [    0.000000] ACPI: LAPIC_NMI (acpi_id[0x7d] high edge lint[0x1])
Nov 23 21:38:55 devspace kernel: [    0.000000] ACPI: LAPIC_NMI (acpi_id[0x7e] high edge lint[0x1])
Nov 23 21:38:55 devspace kernel: [    0.000000] ACPI: LAPIC_NMI (acpi_id[0x7f] high edge lint[0x1])
Nov 23 21:38:55 devspace kernel: [    0.000000] IOAPIC[0]: apic_id 128, version 17, address 0xfec00000, GSI 0-23
Nov 23 21:38:55 devspace kernel: [    0.000000] ACPI: INT_SRC_OVR (bus 0 bus_irq 0 global_irq 2 high edge)
Nov 23 21:38:55 devspace kernel: [    0.000000] Using ACPI (MADT) for SMP configuration information
Nov 23 21:38:55 devspace kernel: [    0.000000] ACPI: HPET id: 0x8086af01 base: 0xfed00000
Nov 23 21:38:55 devspace kernel: [    0.000000] smpboot: Allowing 128 CPUs, 124 hotplug CPUs
Nov 23 21:38:55 devspace kernel: [    0.000000] PM: Registered nosave memory: [mem 0x00000000-0x00000fff]
Nov 23 21:38:55 devspace kernel: [    0.000000] PM: Registered nosave memory: [mem 0x0009e000-0x0009efff]
Nov 23 21:38:55 devspace kernel: [    0.000000] PM: Registered nosave memory: [mem 0x0009f000-0x0009ffff]
Nov 23 21:38:55 devspace kernel: [    0.000000] PM: Registered nosave memory: [mem 0x000a0000-0x000dbfff]
Nov 23 21:38:55 devspace kernel: [    0.000000] PM: Registered nosave memory: [mem 0x000dc000-0x000fffff]
Nov 23 21:38:55 devspace kernel: [    0.000000] PM: Registered nosave memory: [mem 0xbfee0000-0xbfefefff]
Nov 23 21:38:55 devspace kernel: [    0.000000] PM: Registered nosave memory: [mem 0xbfeff000-0xbfefffff]
Nov 23 21:38:55 devspace kernel: [    0.000000] PM: Registered nosave memory: [mem 0xc0000000-0xefffffff]
Nov 23 21:38:55 devspace kernel: [    0.000000] PM: Registered nosave memory: [mem 0xf0000000-0xf7ffffff]
Nov 23 21:38:55 devspace kernel: [    0.000000] PM: Registered nosave memory: [mem 0xf8000000-0xfebfffff]
Nov 23 21:38:55 devspace kernel: [    0.000000] PM: Registered nosave memory: [mem 0xfec00000-0xfec0ffff]
Nov 23 21:38:55 devspace kernel: [    0.000000] PM: Registered nosave memory: [mem 0xfec10000-0xfedfffff]
Nov 23 21:38:55 devspace kernel: [    0.000000] PM: Registered nosave memory: [mem 0xfee00000-0xfee00fff]
Nov 23 21:38:55 devspace kernel: [    0.000000] PM: Registered nosave memory: [mem 0xfee01000-0xfffdffff]
Nov 23 21:38:55 devspace kernel: [    0.000000] PM: Registered nosave memory: [mem 0xfffe0000-0xffffffff]
Nov 23 21:38:55 devspace kernel: [    0.000000] e820: [mem 0xc0000000-0xefffffff] available for PCI devices
Nov 23 21:38:55 devspace kernel: [    0.000000] Booting paravirtualized kernel on bare hardware
Nov 23 21:38:55 devspace kernel: [    0.000000] clocksource: refined-jiffies: mask: 0xffffffff max_cycles: 0xffffffff, max_idle_ns: 7645519600211568 ns
Nov 23 21:38:55 devspace kernel: [    0.000000] setup_percpu: NR_CPUS:512 nr_cpumask_bits:512 nr_cpu_ids:128 nr_node_ids:1
Nov 23 21:38:55 devspace kernel: [    0.000000] percpu: Embedded 35 pages/cpu @ffff8ed935600000 s103512 r8192 d31656 u262144
Nov 23 21:38:55 devspace kernel: [    0.000000] Built 1 zonelists in Node order, mobility grouping on.  Total pages: 2064232
Nov 23 21:38:55 devspace kernel: [    0.000000] Policy zone: Normal
Nov 23 21:38:55 devspace kernel: [    0.000000] Kernel command line: BOOT_IMAGE=/vmlinuz-4.9.0-4-amd64 root=/dev/mapper/devspace--vg-root ro quiet
Nov 23 21:38:55 devspace kernel: [    0.000000] log_buf_len individual max cpu contribution: 4096 bytes
Nov 23 21:38:55 devspace kernel: [    0.000000] log_buf_len total cpu_extra contributions: 520192 bytes
Nov 23 21:38:55 devspace kernel: [    0.000000] log_buf_len min size: 131072 bytes
Nov 23 21:38:55 devspace kernel: [    0.000000] log_buf_len: 1048576 bytes
Nov 23 21:38:55 devspace kernel: [    0.000000] early log buf free: 105200(80%)
Nov 23 21:38:55 devspace kernel: [    0.000000] PID hash table entries: 4096 (order: 3, 32768 bytes)
Nov 23 21:38:55 devspace kernel: [    0.000000] Memory: 8137348K/8388084K available (6196K kernel code, 1137K rwdata, 2856K rodata, 1396K init, 688K bss, 250736K reserved, 0K cma-reserved)
Nov 23 21:38:55 devspace kernel: [    0.000000] Hierarchical RCU implementation.
Nov 23 21:38:55 devspace kernel: [    0.000000] 	Build-time adjustment of leaf fanout to 64.
Nov 23 21:38:55 devspace kernel: [    0.000000] 	RCU restricting CPUs from NR_CPUS=512 to nr_cpu_ids=128.
Nov 23 21:38:55 devspace kernel: [    0.000000] RCU: Adjusting geometry for rcu_fanout_leaf=64, nr_cpu_ids=128
Nov 23 21:38:55 devspace kernel: [    0.000000] NR_IRQS:33024 nr_irqs:1448 16
Nov 23 21:38:55 devspace kernel: [    0.000000] Console: colour VGA+ 80x25
Nov 23 21:38:55 devspace kernel: [    0.000000] console [tty0] enabled
Nov 23 21:38:55 devspace kernel: [    0.000000] clocksource: hpet: mask: 0xffffffff max_cycles: 0xffffffff, max_idle_ns: 133484882848 ns
Nov 23 21:38:55 devspace kernel: [    0.000000] tsc: Fast TSC calibration using PIT
Nov 23 21:38:55 devspace kernel: [    0.000000] TSC freq read from hypervisor : 2494.228 MHz
Nov 23 21:38:55 devspace kernel: [    0.000000] tsc: Detected 2494.013 MHz processor
Nov 23 21:38:55 devspace kernel: [    0.000111] Calibrating delay loop (skipped) preset value.. 4988.45 BogoMIPS (lpj=9976912)
Nov 23 21:38:55 devspace kernel: [    0.000275] pid_max: default: 131072 minimum: 1024
Nov 23 21:38:55 devspace kernel: [    0.000338] ACPI: Core revision 20160831
Nov 23 21:38:55 devspace kernel: [    0.008353] ACPI: 1 ACPI AML tables successfully acquired and loaded
Nov 23 21:38:55 devspace kernel: [    0.008415] Security Framework initialized
Nov 23 21:38:55 devspace kernel: [    0.008417] Yama: disabled by default; enable with sysctl kernel.yama.*
Nov 23 21:38:55 devspace kernel: [    0.008424] AppArmor: AppArmor disabled by boot time parameter
Nov 23 21:38:55 devspace kernel: [    0.008486] Dentry cache hash table entries: 1048576 (order: 11, 8388608 bytes)
Nov 23 21:38:55 devspace kernel: [    0.008549] Inode-cache hash table entries: 524288 (order: 10, 4194304 bytes)
Nov 23 21:38:55 devspace kernel: [    0.008611] Mount-cache hash table entries: 16384 (order: 5, 131072 bytes)
Nov 23 21:38:55 devspace kernel: [    0.008634] Mountpoint-cache hash table entries: 16384 (order: 5, 131072 bytes)
Nov 23 21:38:55 devspace kernel: [    0.008696] Disabled fast string operations
Nov 23 21:38:55 devspace kernel: [    0.008703] CPU: Physical Processor ID: 0
Nov 23 21:38:55 devspace kernel: [    0.008704] CPU: Processor Core ID: 0
Nov 23 21:38:55 devspace kernel: [    0.008711] ENERGY_PERF_BIAS: Set to 'normal', was 'performance'
Nov 23 21:38:55 devspace kernel: [    0.008712] ENERGY_PERF_BIAS: View and update with x86_energy_perf_policy(8)
Nov 23 21:38:55 devspace kernel: [    0.008729] mce: CPU supports 0 MCE banks
Nov 23 21:38:55 devspace kernel: [    0.008754] Last level iTLB entries: 4KB 1024, 2MB 1024, 4MB 1024
Nov 23 21:38:55 devspace kernel: [    0.008755] Last level dTLB entries: 4KB 1024, 2MB 1024, 4MB 1024, 1GB 4
Nov 23 21:38:55 devspace kernel: [    0.008818] Freeing SMP alternatives memory: 24K
Nov 23 21:38:55 devspace kernel: [    0.012356] ftrace: allocating 25191 entries in 99 pages
Nov 23 21:38:55 devspace kernel: [    0.020564] smpboot: Max logical packages: 64
Nov 23 21:38:55 devspace kernel: [    0.020627] x2apic enabled
Nov 23 21:38:55 devspace kernel: [    0.020689] Switched APIC routing to physical x2apic.
Nov 23 21:38:55 devspace kernel: [    0.020957] ..TIMER: vector=0x30 apic1=0 pin1=2 apic2=-1 pin2=-1
Nov 23 21:38:55 devspace kernel: [    0.021069] smpboot: CPU0: Intel(R) Core(TM) i5-4300U CPU @ 1.90GHz (family: 0x6, model: 0x45, stepping: 0x1)
Nov 23 21:38:55 devspace kernel: [    0.021074] Performance Events: Haswell events, core PMU driver.
Nov 23 21:38:55 devspace kernel: [    0.021150] core: CPUID marked event: 'cpu cycles' unavailable
Nov 23 21:38:55 devspace kernel: [    0.021151] core: CPUID marked event: 'instructions' unavailable
Nov 23 21:38:55 devspace kernel: [    0.021151] core: CPUID marked event: 'bus cycles' unavailable
Nov 23 21:38:55 devspace kernel: [    0.021152] core: CPUID marked event: 'cache references' unavailable
Nov 23 21:38:55 devspace kernel: [    0.021153] core: CPUID marked event: 'cache misses' unavailable
Nov 23 21:38:55 devspace kernel: [    0.021154] core: CPUID marked event: 'branch instructions' unavailable
Nov 23 21:38:55 devspace kernel: [    0.021155] core: CPUID marked event: 'branch misses' unavailable
Nov 23 21:38:55 devspace kernel: [    0.021158] ... version:                1
Nov 23 21:38:55 devspace kernel: [    0.021159] ... bit width:              48
Nov 23 21:38:55 devspace kernel: [    0.021160] ... generic registers:      4
Nov 23 21:38:55 devspace kernel: [    0.021161] ... value mask:             0000ffffffffffff
Nov 23 21:38:55 devspace kernel: [    0.021162] ... max period:             000000007fffffff
Nov 23 21:38:55 devspace kernel: [    0.021162] ... fixed-purpose events:   0
Nov 23 21:38:55 devspace kernel: [    0.021163] ... event mask:             000000000000000f
Nov 23 21:38:55 devspace kernel: [    0.029046] NMI watchdog: disabled (cpu0): hardware events not enabled
Nov 23 21:38:55 devspace kernel: [    0.029047] NMI watchdog: Shutting down hard lockup detector on all cpus
Nov 23 21:38:55 devspace kernel: [    0.029625] x86: Booting SMP configuration:
Nov 23 21:38:55 devspace kernel: [    0.029627] .... node  #0, CPUs:          #1
Nov 23 21:38:55 devspace kernel: [    0.031759] Disabled fast string operations
Nov 23 21:38:55 devspace kernel: [    0.031800] mce: CPU supports 0 MCE banks
Nov 23 21:38:55 devspace kernel: [    0.032723]    #2<6>[    0.034398] Disabled fast string operations
Nov 23 21:38:55 devspace kernel: [    0.034458] mce: CPU supports 0 MCE banks
Nov 23 21:38:55 devspace kernel: [    0.035253]    #3<6>[    0.036091] Disabled fast string operations
Nov 23 21:38:55 devspace kernel: [    0.036148] mce: CPU supports 0 MCE banks
Nov 23 21:38:55 devspace kernel: [    0.036452] x86: Booted up 1 node, 4 CPUs
Nov 23 21:38:55 devspace kernel: [    0.036457] smpboot: Total of 4 processors activated (19953.82 BogoMIPS)
Nov 23 21:38:55 devspace kernel: [    0.039153] devtmpfs: initialized
Nov 23 21:38:55 devspace kernel: [    0.039265] x86/mm: Memory block size: 128MB
Nov 23 21:38:55 devspace kernel: [    0.041515] PM: Registering ACPI NVS region [mem 0xbfeff000-0xbfefffff] (4096 bytes)
Nov 23 21:38:55 devspace kernel: [    0.041755] clocksource: jiffies: mask: 0xffffffff max_cycles: 0xffffffff, max_idle_ns: 7645041785100000 ns
Nov 23 21:38:55 devspace kernel: [    0.041911] futex hash table entries: 32768 (order: 9, 2097152 bytes)
Nov 23 21:38:55 devspace kernel: [    0.043342] pinctrl core: initialized pinctrl subsystem
Nov 23 21:38:55 devspace kernel: [    0.046061] NET: Registered protocol family 16
Nov 23 21:38:55 devspace kernel: [    0.057474] cpuidle: using governor ladder
Nov 23 21:38:55 devspace kernel: [    0.073743] cpuidle: using governor menu
Nov 23 21:38:55 devspace kernel: [    0.073808] Simple Boot Flag at 0x36 set to 0x80
Nov 23 21:38:55 devspace kernel: [    0.073849] ACPI: bus type PCI registered
Nov 23 21:38:55 devspace kernel: [    0.073852] acpiphp: ACPI Hot Plug PCI Controller Driver version: 0.5
Nov 23 21:38:55 devspace kernel: [    0.074302] PCI: MMCONFIG for domain 0000 [bus 00-7f] at [mem 0xf0000000-0xf7ffffff] (base 0xf0000000)
Nov 23 21:38:55 devspace kernel: [    0.074305] PCI: MMCONFIG at [mem 0xf0000000-0xf7ffffff] reserved in E820
Nov 23 21:38:55 devspace kernel: [    0.074317] pmd_set_huge: Cannot satisfy [mem 0xf0000000-0xf0200000] with a huge-page mapping due to MTRR override.
Nov 23 21:38:55 devspace kernel: [    0.074501] PCI: Using configuration type 1 for base access
Nov 23 21:38:55 devspace kernel: [    0.075173] core: PMU erratum BJ122, BV98, HSD29 workaround disabled, HT off
Nov 23 21:38:55 devspace kernel: [    0.091524] HugeTLB registered 1 GB page size, pre-allocated 0 pages
Nov 23 21:38:55 devspace kernel: [    0.091526] HugeTLB registered 2 MB page size, pre-allocated 0 pages
Nov 23 21:38:55 devspace kernel: [    0.094500] ACPI: Added _OSI(Module Device)
Nov 23 21:38:55 devspace kernel: [    0.094502] ACPI: Added _OSI(Processor Device)
Nov 23 21:38:55 devspace kernel: [    0.094504] ACPI: Added _OSI(3.0 _SCP Extensions)
Nov 23 21:38:55 devspace kernel: [    0.094505] ACPI: Added _OSI(Processor Aggregator Device)
Nov 23 21:38:55 devspace kernel: [    0.098616] ACPI: [Firmware Bug]: BIOS _OSI(Linux) query ignored
Nov 23 21:38:55 devspace kernel: [    0.117989] ACPI: Interpreter enabled
Nov 23 21:38:55 devspace kernel: [    0.118005] ACPI: (supports S0 S1 S4 S5)
Nov 23 21:38:55 devspace kernel: [    0.118006] ACPI: Using IOAPIC for interrupt routing
Nov 23 21:38:55 devspace kernel: [    0.118032] PCI: Using host bridge windows from ACPI; if necessary, use "pci=nocrs" and report a bug
Nov 23 21:38:55 devspace kernel: [    0.173563] ACPI: PCI Root Bridge [PCI0] (domain 0000 [bus 00-7f])
Nov 23 21:38:55 devspace kernel: [    0.173571] acpi PNP0A03:00: _OSC: OS supports [ExtendedConfig ASPM ClockPM Segments MSI]
Nov 23 21:38:55 devspace kernel: [    0.173739] acpi PNP0A03:00: _OSC: platform does not support [AER]
Nov 23 21:38:55 devspace kernel: [    0.173903] acpi PNP0A03:00: _OSC: OS now controls [PCIeHotplug PME PCIeCapability]
Nov 23 21:38:55 devspace kernel: [    0.176374] PCI host bridge to bus 0000:00
Nov 23 21:38:55 devspace kernel: [    0.176382] pci_bus 0000:00: root bus resource [mem 0x000a0000-0x000bffff window]
Nov 23 21:38:55 devspace kernel: [    0.176385] pci_bus 0000:00: root bus resource [mem 0x000cc000-0x000cffff window]
Nov 23 21:38:55 devspace kernel: [    0.176386] pci_bus 0000:00: root bus resource [mem 0x000d0000-0x000d3fff window]
Nov 23 21:38:55 devspace kernel: [    0.176388] pci_bus 0000:00: root bus resource [mem 0x000d4000-0x000d7fff window]
Nov 23 21:38:55 devspace kernel: [    0.176391] pci_bus 0000:00: root bus resource [mem 0x000d8000-0x000dbfff window]
Nov 23 21:38:55 devspace kernel: [    0.176393] pci_bus 0000:00: root bus resource [mem 0xc0000000-0xfebfffff window]
Nov 23 21:38:55 devspace kernel: [    0.176396] pci_bus 0000:00: root bus resource [io  0x0000-0x0cf7 window]
Nov 23 21:38:55 devspace kernel: [    0.176398] pci_bus 0000:00: root bus resource [io  0x0d00-0xfeff window]
Nov 23 21:38:55 devspace kernel: [    0.176402] pci_bus 0000:00: root bus resource [bus 00-7f]
Nov 23 21:38:55 devspace kernel: [    0.181224] pci 0000:00:07.1: legacy IDE quirk: reg 0x10: [io  0x01f0-0x01f7]
Nov 23 21:38:55 devspace kernel: [    0.181263] pci 0000:00:07.1: legacy IDE quirk: reg 0x14: [io  0x03f6]
Nov 23 21:38:55 devspace kernel: [    0.181298] pci 0000:00:07.1: legacy IDE quirk: reg 0x18: [io  0x0170-0x0177]
Nov 23 21:38:55 devspace kernel: [    0.181329] pci 0000:00:07.1: legacy IDE quirk: reg 0x1c: [io  0x0376]
Nov 23 21:38:55 devspace kernel: [    0.183426] pci 0000:00:07.3: quirk: [io  0x1000-0x103f] claimed by PIIX4 ACPI
Nov 23 21:38:55 devspace kernel: [    0.183453] pci 0000:00:07.3: quirk: [io  0x1040-0x104f] claimed by PIIX4 SMB
Nov 23 21:38:55 devspace kernel: [    0.211485] pci 0000:00:11.0: System wakeup disabled by ACPI
Nov 23 21:38:55 devspace kernel: [    0.212218] pci 0000:00:15.0: System wakeup disabled by ACPI
Nov 23 21:38:55 devspace kernel: [    0.213230] pci 0000:00:15.1: System wakeup disabled by ACPI
Nov 23 21:38:55 devspace kernel: [    0.214019] pci 0000:00:15.2: System wakeup disabled by ACPI
Nov 23 21:38:55 devspace kernel: [    0.214988] pci 0000:00:15.3: System wakeup disabled by ACPI
Nov 23 21:38:55 devspace kernel: [    0.215217] pci 0000:00:15.4: System wakeup disabled by ACPI
Nov 23 21:38:55 devspace kernel: [    0.216231] pci 0000:00:15.5: System wakeup disabled by ACPI
Nov 23 21:38:55 devspace kernel: [    0.216928] pci 0000:00:15.6: System wakeup disabled by ACPI
Nov 23 21:38:55 devspace kernel: [    0.217997] pci 0000:00:15.7: System wakeup disabled by ACPI
Nov 23 21:38:55 devspace kernel: [    0.218874] pci 0000:00:16.0: System wakeup disabled by ACPI
Nov 23 21:38:55 devspace kernel: [    0.219135] pci 0000:00:16.1: System wakeup disabled by ACPI
Nov 23 21:38:55 devspace kernel: [    0.220364] pci 0000:00:16.2: System wakeup disabled by ACPI
Nov 23 21:38:55 devspace kernel: [    0.221084] pci 0000:00:16.3: System wakeup disabled by ACPI
Nov 23 21:38:55 devspace kernel: [    0.222073] pci 0000:00:16.4: System wakeup disabled by ACPI
Nov 23 21:38:55 devspace kernel: [    0.223137] pci 0000:00:16.5: System wakeup disabled by ACPI
Nov 23 21:38:55 devspace kernel: [    0.224297] pci 0000:00:16.6: System wakeup disabled by ACPI
Nov 23 21:38:55 devspace kernel: [    0.226649] pci 0000:00:16.7: System wakeup disabled by ACPI
Nov 23 21:38:55 devspace kernel: [    0.227559] pci 0000:00:17.0: System wakeup disabled by ACPI
Nov 23 21:38:55 devspace kernel: [    0.228355] pci 0000:00:17.1: System wakeup disabled by ACPI
Nov 23 21:38:55 devspace kernel: [    0.229134] pci 0000:00:17.2: System wakeup disabled by ACPI
Nov 23 21:38:55 devspace kernel: [    0.229941] pci 0000:00:17.3: System wakeup disabled by ACPI
Nov 23 21:38:55 devspace kernel: [    0.230946] pci 0000:00:17.4: System wakeup disabled by ACPI
Nov 23 21:38:55 devspace kernel: [    0.232371] pci 0000:00:17.5: System wakeup disabled by ACPI
Nov 23 21:38:55 devspace kernel: [    0.233167] pci 0000:00:17.6: System wakeup disabled by ACPI
Nov 23 21:38:55 devspace kernel: [    0.234091] pci 0000:00:17.7: System wakeup disabled by ACPI
Nov 23 21:38:55 devspace kernel: [    0.235043] pci 0000:00:18.0: System wakeup disabled by ACPI
Nov 23 21:38:55 devspace kernel: [    0.235918] pci 0000:00:18.1: System wakeup disabled by ACPI
Nov 23 21:38:55 devspace kernel: [    0.236154] pci 0000:00:18.2: System wakeup disabled by ACPI
Nov 23 21:38:55 devspace kernel: [    0.237041] pci 0000:00:18.3: System wakeup disabled by ACPI
Nov 23 21:38:55 devspace kernel: [    0.237797] pci 0000:00:18.4: System wakeup disabled by ACPI
Nov 23 21:38:55 devspace kernel: [    0.238341] pci 0000:00:18.5: System wakeup disabled by ACPI
Nov 23 21:38:55 devspace kernel: [    0.239336] pci 0000:00:18.6: System wakeup disabled by ACPI
Nov 23 21:38:55 devspace kernel: [    0.240385] pci 0000:00:18.7: System wakeup disabled by ACPI
Nov 23 21:38:55 devspace kernel: [    0.240607] pci 0000:00:01.0: PCI bridge to [bus 01]
Nov 23 21:38:55 devspace kernel: [    0.240998] acpiphp: Slot [32] registered
Nov 23 21:38:55 devspace kernel: [    0.241031] acpiphp: Slot [33] registered
Nov 23 21:38:55 devspace kernel: [    0.241051] acpiphp: Slot [34] registered
Nov 23 21:38:55 devspace kernel: [    0.241070] acpiphp: Slot [35] registered
Nov 23 21:38:55 devspace kernel: [    0.241089] acpiphp: Slot [36] registered
Nov 23 21:38:55 devspace kernel: [    0.241110] acpiphp: Slot [37] registered
Nov 23 21:38:55 devspace kernel: [    0.241131] acpiphp: Slot [38] registered
Nov 23 21:38:55 devspace kernel: [    0.241150] acpiphp: Slot [39] registered
Nov 23 21:38:55 devspace kernel: [    0.241168] acpiphp: Slot [40] registered
Nov 23 21:38:55 devspace kernel: [    0.241187] acpiphp: Slot [41] registered
Nov 23 21:38:55 devspace kernel: [    0.241205] acpiphp: Slot [42] registered
Nov 23 21:38:55 devspace kernel: [    0.241226] acpiphp: Slot [43] registered
Nov 23 21:38:55 devspace kernel: [    0.241244] acpiphp: Slot [44] registered
Nov 23 21:38:55 devspace kernel: [    0.241263] acpiphp: Slot [45] registered
Nov 23 21:38:55 devspace kernel: [    0.241281] acpiphp: Slot [46] registered
Nov 23 21:38:55 devspace kernel: [    0.241299] acpiphp: Slot [47] registered
Nov 23 21:38:55 devspace kernel: [    0.241318] acpiphp: Slot [48] registered
Nov 23 21:38:55 devspace kernel: [    0.241336] acpiphp: Slot [49] registered
Nov 23 21:38:55 devspace kernel: [    0.241357] acpiphp: Slot [50] registered
Nov 23 21:38:55 devspace kernel: [    0.241377] acpiphp: Slot [51] registered
Nov 23 21:38:55 devspace kernel: [    0.241396] acpiphp: Slot [52] registered
Nov 23 21:38:55 devspace kernel: [    0.241415] acpiphp: Slot [53] registered
Nov 23 21:38:55 devspace kernel: [    0.241433] acpiphp: Slot [54] registered
Nov 23 21:38:55 devspace kernel: [    0.241451] acpiphp: Slot [55] registered
Nov 23 21:38:55 devspace kernel: [    0.241470] acpiphp: Slot [56] registered
Nov 23 21:38:55 devspace kernel: [    0.241500] acpiphp: Slot [57] registered
Nov 23 21:38:55 devspace kernel: [    0.241519] acpiphp: Slot [58] registered
Nov 23 21:38:55 devspace kernel: [    0.241537] acpiphp: Slot [59] registered
Nov 23 21:38:55 devspace kernel: [    0.241556] acpiphp: Slot [60] registered
Nov 23 21:38:55 devspace kernel: [    0.241575] acpiphp: Slot [61] registered
Nov 23 21:38:55 devspace kernel: [    0.241593] acpiphp: Slot [62] registered
Nov 23 21:38:55 devspace kernel: [    0.241611] acpiphp: Slot [63] registered
Nov 23 21:38:55 devspace kernel: [    0.243588] pci 0000:02:00.0: System wakeup disabled by ACPI
Nov 23 21:38:55 devspace kernel: [    0.250322] pci 0000:02:01.0: System wakeup disabled by ACPI
Nov 23 21:38:55 devspace kernel: [    0.254590] pci 0000:02:02.0: System wakeup disabled by ACPI
Nov 23 21:38:55 devspace kernel: [    0.258867] pci 0000:02:03.0: System wakeup disabled by ACPI
Nov 23 21:38:55 devspace kernel: [    0.259226] pci 0000:00:11.0: PCI bridge to [bus 02] (subtractive decode)
Nov 23 21:38:55 devspace kernel: [    0.259715] pci 0000:00:15.0: PCI bridge to [bus 03]
Nov 23 21:38:55 devspace kernel: [    0.260073] pci 0000:00:15.1: PCI bridge to [bus 04]
Nov 23 21:38:55 devspace kernel: [    0.260450] pci 0000:00:15.2: PCI bridge to [bus 05]
Nov 23 21:38:55 devspace kernel: [    0.260792] pci 0000:00:15.3: PCI bridge to [bus 06]
Nov 23 21:38:55 devspace kernel: [    0.261177] pci 0000:00:15.4: PCI bridge to [bus 07]
Nov 23 21:38:55 devspace kernel: [    0.261534] pci 0000:00:15.5: PCI bridge to [bus 08]
Nov 23 21:38:55 devspace kernel: [    0.261601] pci 0000:00:15.6: PCI bridge to [bus 09]
Nov 23 21:38:55 devspace kernel: [    0.261688] pci 0000:00:15.7: PCI bridge to [bus 0a]
Nov 23 21:38:55 devspace kernel: [    0.261939] pci 0000:00:16.0: PCI bridge to [bus 0b]
Nov 23 21:38:55 devspace kernel: [    0.262377] pci 0000:00:16.1: PCI bridge to [bus 0c]
Nov 23 21:38:55 devspace kernel: [    0.262750] pci 0000:00:16.2: PCI bridge to [bus 0d]
Nov 23 21:38:55 devspace kernel: [    0.263124] pci 0000:00:16.3: PCI bridge to [bus 0e]
Nov 23 21:38:55 devspace kernel: [    0.263461] pci 0000:00:16.4: PCI bridge to [bus 0f]
Nov 23 21:38:55 devspace kernel: [    0.263831] pci 0000:00:16.5: PCI bridge to [bus 10]
Nov 23 21:38:55 devspace kernel: [    0.264204] pci 0000:00:16.6: PCI bridge to [bus 11]
Nov 23 21:38:55 devspace kernel: [    0.264553] pci 0000:00:16.7: PCI bridge to [bus 12]
Nov 23 21:38:55 devspace kernel: [    0.264889] pci 0000:00:17.0: PCI bridge to [bus 13]
Nov 23 21:38:55 devspace kernel: [    0.265271] pci 0000:00:17.1: PCI bridge to [bus 14]
Nov 23 21:38:55 devspace kernel: [    0.265373] pci 0000:00:17.2: PCI bridge to [bus 15]
Nov 23 21:38:55 devspace kernel: [    0.265471] pci 0000:00:17.3: PCI bridge to [bus 16]
Nov 23 21:38:55 devspace kernel: [    0.265977] pci 0000:00:17.4: PCI bridge to [bus 17]
Nov 23 21:38:55 devspace kernel: [    0.266369] pci 0000:00:17.5: PCI bridge to [bus 18]
Nov 23 21:38:55 devspace kernel: [    0.266763] pci 0000:00:17.6: PCI bridge to [bus 19]
Nov 23 21:38:55 devspace kernel: [    0.267159] pci 0000:00:17.7: PCI bridge to [bus 1a]
Nov 23 21:38:55 devspace kernel: [    0.267609] pci 0000:00:18.0: PCI bridge to [bus 1b]
Nov 23 21:38:55 devspace kernel: [    0.268153] pci 0000:00:18.1: PCI bridge to [bus 1c]
Nov 23 21:38:55 devspace kernel: [    0.268596] pci 0000:00:18.2: PCI bridge to [bus 1d]
Nov 23 21:38:55 devspace kernel: [    0.269163] pci 0000:00:18.3: PCI bridge to [bus 1e]
Nov 23 21:38:55 devspace kernel: [    0.269337] pci 0000:00:18.4: PCI bridge to [bus 1f]
Nov 23 21:38:55 devspace kernel: [    0.270005] pci 0000:00:18.5: PCI bridge to [bus 20]
Nov 23 21:38:55 devspace kernel: [    0.270213] pci 0000:00:18.6: PCI bridge to [bus 21]
Nov 23 21:38:55 devspace kernel: [    0.270720] pci 0000:00:18.7: PCI bridge to [bus 22]
Nov 23 21:38:55 devspace kernel: [    0.271161] ACPI: PCI Interrupt Link [LNKA] (IRQs 3 4 5 6 7 *9 10 11 14 15)
Nov 23 21:38:55 devspace kernel: [    0.271471] ACPI: PCI Interrupt Link [LNKB] (IRQs 3 4 5 6 7 9 10 *11 14 15)
Nov 23 21:38:55 devspace kernel: [    0.273643] ACPI: PCI Interrupt Link [LNKC] (IRQs 3 4 5 6 7 9 *10 11 14 15)
Nov 23 21:38:55 devspace kernel: [    0.273657] ACPI: PCI Interrupt Link [LNKD] (IRQs 3 4 5 6 *7 9 10 11 14 15)
Nov 23 21:38:55 devspace kernel: [    0.283856] ACPI: Enabled 2 GPEs in block 00 to 0F
Nov 23 21:38:55 devspace kernel: [    0.318121] vgaarb: setting as boot device: PCI:0000:00:0f.0
Nov 23 21:38:55 devspace kernel: [    0.318124] vgaarb: device added: PCI:0000:00:0f.0,decodes=io+mem,owns=io+mem,locks=none
Nov 23 21:38:55 devspace kernel: [    0.318136] vgaarb: loaded
Nov 23 21:38:55 devspace kernel: [    0.318137] vgaarb: bridge control possible 0000:00:0f.0
Nov 23 21:38:55 devspace kernel: [    0.318369] PCI: Using ACPI for IRQ routing
Nov 23 21:38:55 devspace kernel: [    0.348166] hpet0: at MMIO 0xfed00000, IRQs 2, 8, 0, 0, 0, 0, 0, 0, 0, 0, 0, 0, 0, 0, 0, 0
Nov 23 21:38:55 devspace kernel: [    0.348180] hpet0: 16 comparators, 64-bit 14.318180 MHz counter
Nov 23 21:38:55 devspace kernel: [    0.352750] clocksource: Switched to clocksource hpet
Nov 23 21:38:55 devspace kernel: [    0.357878] VFS: Disk quotas dquot_6.6.0
Nov 23 21:38:55 devspace kernel: [    0.358161] VFS: Dquot-cache hash table entries: 512 (order 0, 4096 bytes)
Nov 23 21:38:55 devspace kernel: [    0.358409] pnp: PnP ACPI init
Nov 23 21:38:55 devspace kernel: [    0.358697] system 00:00: [io  0x1000-0x103f] has been reserved
Nov 23 21:38:55 devspace kernel: [    0.358701] system 00:00: [io  0x1040-0x104f] has been reserved
Nov 23 21:38:55 devspace kernel: [    0.358704] system 00:00: [io  0x0cf0-0x0cf1] has been reserved
Nov 23 21:38:55 devspace kernel: [    0.359047] system 00:04: [mem 0xfed00000-0xfed003ff] has been reserved
Nov 23 21:38:55 devspace kernel: [    0.361288] system 00:06: [io  0xfce0-0xfcff] has been reserved
Nov 23 21:38:55 devspace kernel: [    0.361305] system 00:06: [mem 0xf0000000-0xf7ffffff] has been reserved
Nov 23 21:38:55 devspace kernel: [    0.361309] system 00:06: [mem 0xfe800000-0xfe9fffff] has been reserved
Nov 23 21:38:55 devspace kernel: [    0.365572] pnp: PnP ACPI: found 7 devices
Nov 23 21:38:55 devspace kernel: [    0.383294] clocksource: acpi_pm: mask: 0xffffff max_cycles: 0xffffff, max_idle_ns: 2085701024 ns
Nov 23 21:38:55 devspace kernel: [    0.385242] pci 0000:00:0f.0: BAR 6: assigned [mem 0xc0000000-0xc0007fff pref]
Nov 23 21:38:55 devspace kernel: [    0.385245] pci 0000:00:10.0: BAR 6: assigned [mem 0xc0008000-0xc000bfff pref]
Nov 23 21:38:55 devspace kernel: [    0.385250] pci 0000:00:15.3: BAR 13: no space for [io  size 0x1000]
Nov 23 21:38:55 devspace kernel: [    0.385251] pci 0000:00:15.3: BAR 13: failed to assign [io  size 0x1000]
Nov 23 21:38:55 devspace kernel: [    0.385254] pci 0000:00:15.4: BAR 13: no space for [io  size 0x1000]
Nov 23 21:38:55 devspace kernel: [    0.385255] pci 0000:00:15.4: BAR 13: failed to assign [io  size 0x1000]
Nov 23 21:38:55 devspace kernel: [    0.385257] pci 0000:00:15.5: BAR 13: no space for [io  size 0x1000]
Nov 23 21:38:55 devspace kernel: [    0.385258] pci 0000:00:15.5: BAR 13: failed to assign [io  size 0x1000]
Nov 23 21:38:55 devspace kernel: [    0.385261] pci 0000:00:15.6: BAR 13: no space for [io  size 0x1000]
Nov 23 21:38:55 devspace kernel: [    0.385262] pci 0000:00:15.6: BAR 13: failed to assign [io  size 0x1000]
Nov 23 21:38:55 devspace kernel: [    0.385264] pci 0000:00:15.7: BAR 13: no space for [io  size 0x1000]
Nov 23 21:38:55 devspace kernel: [    0.385266] pci 0000:00:15.7: BAR 13: failed to assign [io  size 0x1000]
Nov 23 21:38:55 devspace kernel: [    0.385268] pci 0000:00:16.3: BAR 13: no space for [io  size 0x1000]
Nov 23 21:38:55 devspace kernel: [    0.385269] pci 0000:00:16.3: BAR 13: failed to assign [io  size 0x1000]
Nov 23 21:38:55 devspace kernel: [    0.385271] pci 0000:00:16.4: BAR 13: no space for [io  size 0x1000]
Nov 23 21:38:55 devspace kernel: [    0.385272] pci 0000:00:16.4: BAR 13: failed to assign [io  size 0x1000]
Nov 23 21:38:55 devspace kernel: [    0.385274] pci 0000:00:16.5: BAR 13: no space for [io  size 0x1000]
Nov 23 21:38:55 devspace kernel: [    0.385275] pci 0000:00:16.5: BAR 13: failed to assign [io  size 0x1000]
Nov 23 21:38:55 devspace kernel: [    0.385277] pci 0000:00:16.6: BAR 13: no space for [io  size 0x1000]
Nov 23 21:38:55 devspace kernel: [    0.385279] pci 0000:00:16.6: BAR 13: failed to assign [io  size 0x1000]
Nov 23 21:38:55 devspace kernel: [    0.385280] pci 0000:00:16.7: BAR 13: no space for [io  size 0x1000]
Nov 23 21:38:55 devspace kernel: [    0.385282] pci 0000:00:16.7: BAR 13: failed to assign [io  size 0x1000]
Nov 23 21:38:55 devspace kernel: [    0.385284] pci 0000:00:17.3: BAR 13: no space for [io  size 0x1000]
Nov 23 21:38:55 devspace kernel: [    0.385285] pci 0000:00:17.3: BAR 13: failed to assign [io  size 0x1000]
Nov 23 21:38:55 devspace kernel: [    0.385287] pci 0000:00:17.4: BAR 13: no space for [io  size 0x1000]
Nov 23 21:38:55 devspace kernel: [    0.385288] pci 0000:00:17.4: BAR 13: failed to assign [io  size 0x1000]
Nov 23 21:38:55 devspace kernel: [    0.385290] pci 0000:00:17.5: BAR 13: no space for [io  size 0x1000]
Nov 23 21:38:55 devspace kernel: [    0.385291] pci 0000:00:17.5: BAR 13: failed to assign [io  size 0x1000]
Nov 23 21:38:55 devspace kernel: [    0.385293] pci 0000:00:17.6: BAR 13: no space for [io  size 0x1000]
Nov 23 21:38:55 devspace kernel: [    0.385294] pci 0000:00:17.6: BAR 13: failed to assign [io  size 0x1000]
Nov 23 21:38:55 devspace kernel: [    0.385296] pci 0000:00:17.7: BAR 13: no space for [io  size 0x1000]
Nov 23 21:38:55 devspace kernel: [    0.385297] pci 0000:00:17.7: BAR 13: failed to assign [io  size 0x1000]
Nov 23 21:38:55 devspace kernel: [    0.385300] pci 0000:00:18.2: BAR 13: no space for [io  size 0x1000]
Nov 23 21:38:55 devspace kernel: [    0.385302] pci 0000:00:18.2: BAR 13: failed to assign [io  size 0x1000]
Nov 23 21:38:55 devspace kernel: [    0.385305] pci 0000:00:18.3: BAR 13: no space for [io  size 0x1000]
Nov 23 21:38:55 devspace kernel: [    0.385306] pci 0000:00:18.3: BAR 13: failed to assign [io  size 0x1000]
Nov 23 21:38:55 devspace kernel: [    0.385309] pci 0000:00:18.4: BAR 13: no space for [io  size 0x1000]
Nov 23 21:38:55 devspace kernel: [    0.385310] pci 0000:00:18.4: BAR 13: failed to assign [io  size 0x1000]
Nov 23 21:38:55 devspace kernel: [    0.385312] pci 0000:00:18.5: BAR 13: no space for [io  size 0x1000]
Nov 23 21:38:55 devspace kernel: [    0.385313] pci 0000:00:18.5: BAR 13: failed to assign [io  size 0x1000]
Nov 23 21:38:55 devspace kernel: [    0.385315] pci 0000:00:18.6: BAR 13: no space for [io  size 0x1000]
Nov 23 21:38:55 devspace kernel: [    0.385316] pci 0000:00:18.6: BAR 13: failed to assign [io  size 0x1000]
Nov 23 21:38:55 devspace kernel: [    0.385318] pci 0000:00:18.7: BAR 13: no space for [io  size 0x1000]
Nov 23 21:38:55 devspace kernel: [    0.385319] pci 0000:00:18.7: BAR 13: failed to assign [io  size 0x1000]
Nov 23 21:38:55 devspace kernel: [    0.385326] pci 0000:00:18.7: BAR 13: no space for [io  size 0x1000]
Nov 23 21:38:55 devspace kernel: [    0.385328] pci 0000:00:18.7: BAR 13: failed to assign [io  size 0x1000]
Nov 23 21:38:55 devspace kernel: [    0.385330] pci 0000:00:18.6: BAR 13: no space for [io  size 0x1000]
Nov 23 21:38:55 devspace kernel: [    0.385331] pci 0000:00:18.6: BAR 13: failed to assign [io  size 0x1000]
Nov 23 21:38:55 devspace kernel: [    0.385333] pci 0000:00:18.5: BAR 13: no space for [io  size 0x1000]
Nov 23 21:38:55 devspace kernel: [    0.385334] pci 0000:00:18.5: BAR 13: failed to assign [io  size 0x1000]
Nov 23 21:38:55 devspace kernel: [    0.385336] pci 0000:00:18.4: BAR 13: no space for [io  size 0x1000]
Nov 23 21:38:55 devspace kernel: [    0.385337] pci 0000:00:18.4: BAR 13: failed to assign [io  size 0x1000]
Nov 23 21:38:55 devspace kernel: [    0.385339] pci 0000:00:18.3: BAR 13: no space for [io  size 0x1000]
Nov 23 21:38:55 devspace kernel: [    0.385340] pci 0000:00:18.3: BAR 13: failed to assign [io  size 0x1000]
Nov 23 21:38:55 devspace kernel: [    0.385342] pci 0000:00:18.2: BAR 13: no space for [io  size 0x1000]
Nov 23 21:38:55 devspace kernel: [    0.385343] pci 0000:00:18.2: BAR 13: failed to assign [io  size 0x1000]
Nov 23 21:38:55 devspace kernel: [    0.385345] pci 0000:00:17.7: BAR 13: no space for [io  size 0x1000]
Nov 23 21:38:55 devspace kernel: [    0.385346] pci 0000:00:17.7: BAR 13: failed to assign [io  size 0x1000]
Nov 23 21:38:55 devspace kernel: [    0.385348] pci 0000:00:17.6: BAR 13: no space for [io  size 0x1000]
Nov 23 21:38:55 devspace kernel: [    0.385349] pci 0000:00:17.6: BAR 13: failed to assign [io  size 0x1000]
Nov 23 21:38:55 devspace kernel: [    0.385351] pci 0000:00:17.5: BAR 13: no space for [io  size 0x1000]
Nov 23 21:38:55 devspace kernel: [    0.385352] pci 0000:00:17.5: BAR 13: failed to assign [io  size 0x1000]
Nov 23 21:38:55 devspace kernel: [    0.385354] pci 0000:00:17.4: BAR 13: no space for [io  size 0x1000]
Nov 23 21:38:55 devspace kernel: [    0.385355] pci 0000:00:17.4: BAR 13: failed to assign [io  size 0x1000]
Nov 23 21:38:55 devspace kernel: [    0.385357] pci 0000:00:17.3: BAR 13: no space for [io  size 0x1000]
Nov 23 21:38:55 devspace kernel: [    0.385358] pci 0000:00:17.3: BAR 13: failed to assign [io  size 0x1000]
Nov 23 21:38:55 devspace kernel: [    0.385360] pci 0000:00:16.7: BAR 13: no space for [io  size 0x1000]
Nov 23 21:38:55 devspace kernel: [    0.385361] pci 0000:00:16.7: BAR 13: failed to assign [io  size 0x1000]
Nov 23 21:38:55 devspace kernel: [    0.385363] pci 0000:00:16.6: BAR 13: no space for [io  size 0x1000]
Nov 23 21:38:55 devspace kernel: [    0.385364] pci 0000:00:16.6: BAR 13: failed to assign [io  size 0x1000]
Nov 23 21:38:55 devspace kernel: [    0.385366] pci 0000:00:16.5: BAR 13: no space for [io  size 0x1000]
Nov 23 21:38:55 devspace kernel: [    0.385367] pci 0000:00:16.5: BAR 13: failed to assign [io  size 0x1000]
Nov 23 21:38:55 devspace kernel: [    0.385369] pci 0000:00:16.4: BAR 13: no space for [io  size 0x1000]
Nov 23 21:38:55 devspace kernel: [    0.385370] pci 0000:00:16.4: BAR 13: failed to assign [io  size 0x1000]
Nov 23 21:38:55 devspace kernel: [    0.385372] pci 0000:00:16.3: BAR 13: no space for [io  size 0x1000]
Nov 23 21:38:55 devspace kernel: [    0.385373] pci 0000:00:16.3: BAR 13: failed to assign [io  size 0x1000]
Nov 23 21:38:55 devspace kernel: [    0.385375] pci 0000:00:15.7: BAR 13: no space for [io  size 0x1000]
Nov 23 21:38:55 devspace kernel: [    0.385376] pci 0000:00:15.7: BAR 13: failed to assign [io  size 0x1000]
Nov 23 21:38:55 devspace kernel: [    0.385378] pci 0000:00:15.6: BAR 13: no space for [io  size 0x1000]
Nov 23 21:38:55 devspace kernel: [    0.385379] pci 0000:00:15.6: BAR 13: failed to assign [io  size 0x1000]
Nov 23 21:38:55 devspace kernel: [    0.385381] pci 0000:00:15.5: BAR 13: no space for [io  size 0x1000]
Nov 23 21:38:55 devspace kernel: [    0.385382] pci 0000:00:15.5: BAR 13: failed to assign [io  size 0x1000]
Nov 23 21:38:55 devspace kernel: [    0.385384] pci 0000:00:15.4: BAR 13: no space for [io  size 0x1000]
Nov 23 21:38:55 devspace kernel: [    0.385385] pci 0000:00:15.4: BAR 13: failed to assign [io  size 0x1000]
Nov 23 21:38:55 devspace kernel: [    0.385387] pci 0000:00:15.3: BAR 13: no space for [io  size 0x1000]
Nov 23 21:38:55 devspace kernel: [    0.385388] pci 0000:00:15.3: BAR 13: failed to assign [io  size 0x1000]
Nov 23 21:38:55 devspace kernel: [    0.385400] pci 0000:00:01.0: PCI bridge to [bus 01]
Nov 23 21:38:55 devspace kernel: [    0.385490] pci 0000:02:01.0: BAR 6: assigned [mem 0xfd500000-0xfd50ffff pref]
Nov 23 21:38:55 devspace kernel: [    0.385492] pci 0000:00:11.0: PCI bridge to [bus 02]
Nov 23 21:38:55 devspace kernel: [    0.385502] pci 0000:00:11.0:   bridge window [io  0x2000-0x3fff]
Nov 23 21:38:55 devspace kernel: [    0.385528] pci 0000:00:11.0:   bridge window [mem 0xfd500000-0xfdffffff]
Nov 23 21:38:55 devspace kernel: [    0.385545] pci 0000:00:11.0:   bridge window [mem 0xe7b00000-0xe7ffffff 64bit pref]
Nov 23 21:38:55 devspace kernel: [    0.385579] pci 0000:00:15.0: PCI bridge to [bus 03]
Nov 23 21:38:55 devspace kernel: [    0.385589] pci 0000:00:15.0:   bridge window [io  0x4000-0x4fff]
Nov 23 21:38:55 devspace kernel: [    0.385614] pci 0000:00:15.0:   bridge window [mem 0xfd400000-0xfd4fffff]
Nov 23 21:38:55 devspace kernel: [    0.385631] pci 0000:00:15.0:   bridge window [mem 0xe7a00000-0xe7afffff 64bit pref]
Nov 23 21:38:55 devspace kernel: [    0.385699] pci 0000:00:15.1: PCI bridge to [bus 04]
Nov 23 21:38:55 devspace kernel: [    0.385710] pci 0000:00:15.1:   bridge window [io  0x8000-0x8fff]
Nov 23 21:38:55 devspace kernel: [    0.385735] pci 0000:00:15.1:   bridge window [mem 0xfd000000-0xfd0fffff]
Nov 23 21:38:55 devspace kernel: [    0.385752] pci 0000:00:15.1:   bridge window [mem 0xe7600000-0xe76fffff 64bit pref]
Nov 23 21:38:55 devspace kernel: [    0.385797] pci 0000:00:15.2: PCI bridge to [bus 05]
Nov 23 21:38:55 devspace kernel: [    0.385807] pci 0000:00:15.2:   bridge window [io  0xc000-0xcfff]
Nov 23 21:38:55 devspace kernel: [    0.385832] pci 0000:00:15.2:   bridge window [mem 0xfcc00000-0xfccfffff]
Nov 23 21:38:55 devspace kernel: [    0.385850] pci 0000:00:15.2:   bridge window [mem 0xe7200000-0xe72fffff 64bit pref]
Nov 23 21:38:55 devspace kernel: [    0.385891] pci 0000:00:15.3: PCI bridge to [bus 06]
Nov 23 21:38:55 devspace kernel: [    0.385917] pci 0000:00:15.3:   bridge window [mem 0xfc800000-0xfc8fffff]
Nov 23 21:38:55 devspace kernel: [    0.385934] pci 0000:00:15.3:   bridge window [mem 0xe6e00000-0xe6efffff 64bit pref]
Nov 23 21:38:55 devspace kernel: [    0.385990] pci 0000:00:15.4: PCI bridge to [bus 07]
Nov 23 21:38:55 devspace kernel: [    0.386027] pci 0000:00:15.4:   bridge window [mem 0xfc400000-0xfc4fffff]
Nov 23 21:38:55 devspace kernel: [    0.386045] pci 0000:00:15.4:   bridge window [mem 0xe6a00000-0xe6afffff 64bit pref]
Nov 23 21:38:55 devspace kernel: [    0.386085] pci 0000:00:15.5: PCI bridge to [bus 08]
Nov 23 21:38:55 devspace kernel: [    0.386111] pci 0000:00:15.5:   bridge window [mem 0xfc000000-0xfc0fffff]
Nov 23 21:38:55 devspace kernel: [    0.386128] pci 0000:00:15.5:   bridge window [mem 0xe6600000-0xe66fffff 64bit pref]
Nov 23 21:38:55 devspace kernel: [    0.386168] pci 0000:00:15.6: PCI bridge to [bus 09]
Nov 23 21:38:55 devspace kernel: [    0.386194] pci 0000:00:15.6:   bridge window [mem 0xfbc00000-0xfbcfffff]
Nov 23 21:38:55 devspace kernel: [    0.386212] pci 0000:00:15.6:   bridge window [mem 0xe6200000-0xe62fffff 64bit pref]
Nov 23 21:38:55 devspace kernel: [    0.386267] pci 0000:00:15.7: PCI bridge to [bus 0a]
Nov 23 21:38:55 devspace kernel: [    0.386297] pci 0000:00:15.7:   bridge window [mem 0xfb800000-0xfb8fffff]
Nov 23 21:38:55 devspace kernel: [    0.386317] pci 0000:00:15.7:   bridge window [mem 0xe5e00000-0xe5efffff 64bit pref]
Nov 23 21:38:55 devspace kernel: [    0.386362] pci 0000:00:16.0: PCI bridge to [bus 0b]
Nov 23 21:38:55 devspace kernel: [    0.386374] pci 0000:00:16.0:   bridge window [io  0x5000-0x5fff]
Nov 23 21:38:55 devspace kernel: [    0.386410] pci 0000:00:16.0:   bridge window [mem 0xfd300000-0xfd3fffff]
Nov 23 21:38:55 devspace kernel: [    0.386427] pci 0000:00:16.0:   bridge window [mem 0xe7900000-0xe79fffff 64bit pref]
Nov 23 21:38:55 devspace kernel: [    0.386487] pci 0000:00:16.1: PCI bridge to [bus 0c]
Nov 23 21:38:55 devspace kernel: [    0.386498] pci 0000:00:16.1:   bridge window [io  0x9000-0x9fff]
Nov 23 21:38:55 devspace kernel: [    0.386534] pci 0000:00:16.1:   bridge window [mem 0xfcf00000-0xfcffffff]
Nov 23 21:38:55 devspace kernel: [    0.386551] pci 0000:00:16.1:   bridge window [mem 0xe7500000-0xe75fffff 64bit pref]
Nov 23 21:38:55 devspace kernel: [    0.386592] pci 0000:00:16.2: PCI bridge to [bus 0d]
Nov 23 21:38:55 devspace kernel: [    0.386602] pci 0000:00:16.2:   bridge window [io  0xd000-0xdfff]
Nov 23 21:38:55 devspace kernel: [    0.386627] pci 0000:00:16.2:   bridge window [mem 0xfcb00000-0xfcbfffff]
Nov 23 21:38:55 devspace kernel: [    0.386644] pci 0000:00:16.2:   bridge window [mem 0xe7100000-0xe71fffff 64bit pref]
Nov 23 21:38:55 devspace kernel: [    0.386684] pci 0000:00:16.3: PCI bridge to [bus 0e]
Nov 23 21:38:55 devspace kernel: [    0.386710] pci 0000:00:16.3:   bridge window [mem 0xfc700000-0xfc7fffff]
Nov 23 21:38:55 devspace kernel: [    0.386727] pci 0000:00:16.3:   bridge window [mem 0xe6d00000-0xe6dfffff 64bit pref]
Nov 23 21:38:55 devspace kernel: [    0.386768] pci 0000:00:16.4: PCI bridge to [bus 0f]
Nov 23 21:38:55 devspace kernel: [    0.386807] pci 0000:00:16.4:   bridge window [mem 0xfc300000-0xfc3fffff]
Nov 23 21:38:55 devspace kernel: [    0.386826] pci 0000:00:16.4:   bridge window [mem 0xe6900000-0xe69fffff 64bit pref]
Nov 23 21:38:55 devspace kernel: [    0.386878] pci 0000:00:16.5: PCI bridge to [bus 10]
Nov 23 21:38:55 devspace kernel: [    0.386904] pci 0000:00:16.5:   bridge window [mem 0xfbf00000-0xfbffffff]
Nov 23 21:38:55 devspace kernel: [    0.386922] pci 0000:00:16.5:   bridge window [mem 0xe6500000-0xe65fffff 64bit pref]
Nov 23 21:38:55 devspace kernel: [    0.386961] pci 0000:00:16.6: PCI bridge to [bus 11]
Nov 23 21:38:55 devspace kernel: [    0.387009] pci 0000:00:16.6:   bridge window [mem 0xfbb00000-0xfbbfffff]
Nov 23 21:38:55 devspace kernel: [    0.387036] pci 0000:00:16.6:   bridge window [mem 0xe6100000-0xe61fffff 64bit pref]
Nov 23 21:38:55 devspace kernel: [    0.387076] pci 0000:00:16.7: PCI bridge to [bus 12]
Nov 23 21:38:55 devspace kernel: [    0.387102] pci 0000:00:16.7:   bridge window [mem 0xfb700000-0xfb7fffff]
Nov 23 21:38:55 devspace kernel: [    0.387119] pci 0000:00:16.7:   bridge window [mem 0xe5d00000-0xe5dfffff 64bit pref]
Nov 23 21:38:55 devspace kernel: [    0.387159] pci 0000:00:17.0: PCI bridge to [bus 13]
Nov 23 21:38:55 devspace kernel: [    0.387169] pci 0000:00:17.0:   bridge window [io  0x6000-0x6fff]
Nov 23 21:38:55 devspace kernel: [    0.387194] pci 0000:00:17.0:   bridge window [mem 0xfd200000-0xfd2fffff]
Nov 23 21:38:55 devspace kernel: [    0.387212] pci 0000:00:17.0:   bridge window [mem 0xe7800000-0xe78fffff 64bit pref]
Nov 23 21:38:55 devspace kernel: [    0.387267] pci 0000:00:17.1: PCI bridge to [bus 14]
Nov 23 21:38:55 devspace kernel: [    0.387279] pci 0000:00:17.1:   bridge window [io  0xa000-0xafff]
Nov 23 21:38:55 devspace kernel: [    0.387308] pci 0000:00:17.1:   bridge window [mem 0xfce00000-0xfcefffff]
Nov 23 21:38:55 devspace kernel: [    0.387328] pci 0000:00:17.1:   bridge window [mem 0xe7400000-0xe74fffff 64bit pref]
Nov 23 21:38:55 devspace kernel: [    0.387372] pci 0000:00:17.2: PCI bridge to [bus 15]
Nov 23 21:38:55 devspace kernel: [    0.387383] pci 0000:00:17.2:   bridge window [io  0xe000-0xefff]
Nov 23 21:38:55 devspace kernel: [    0.387411] pci 0000:00:17.2:   bridge window [mem 0xfca00000-0xfcafffff]
Nov 23 21:38:55 devspace kernel: [    0.387431] pci 0000:00:17.2:   bridge window [mem 0xe7000000-0xe70fffff 64bit pref]
Nov 23 21:38:55 devspace kernel: [    0.387478] pci 0000:00:17.3: PCI bridge to [bus 16]
Nov 23 21:38:55 devspace kernel: [    0.387507] pci 0000:00:17.3:   bridge window [mem 0xfc600000-0xfc6fffff]
Nov 23 21:38:55 devspace kernel: [    0.387527] pci 0000:00:17.3:   bridge window [mem 0xe6c00000-0xe6cfffff 64bit pref]
Nov 23 21:38:55 devspace kernel: [    0.387572] pci 0000:00:17.4: PCI bridge to [bus 17]
Nov 23 21:38:55 devspace kernel: [    0.387601] pci 0000:00:17.4:   bridge window [mem 0xfc200000-0xfc2fffff]
Nov 23 21:38:55 devspace kernel: [    0.387620] pci 0000:00:17.4:   bridge window [mem 0xe6800000-0xe68fffff 64bit pref]
Nov 23 21:38:55 devspace kernel: [    0.387665] pci 0000:00:17.5: PCI bridge to [bus 18]
Nov 23 21:38:55 devspace kernel: [    0.387694] pci 0000:00:17.5:   bridge window [mem 0xfbe00000-0xfbefffff]
Nov 23 21:38:55 devspace kernel: [    0.387713] pci 0000:00:17.5:   bridge window [mem 0xe6400000-0xe64fffff 64bit pref]
Nov 23 21:38:55 devspace kernel: [    0.387758] pci 0000:00:17.6: PCI bridge to [bus 19]
Nov 23 21:38:55 devspace kernel: [    0.387787] pci 0000:00:17.6:   bridge window [mem 0xfba00000-0xfbafffff]
Nov 23 21:38:55 devspace kernel: [    0.387806] pci 0000:00:17.6:   bridge window [mem 0xe6000000-0xe60fffff 64bit pref]
Nov 23 21:38:55 devspace kernel: [    0.387851] pci 0000:00:17.7: PCI bridge to [bus 1a]
Nov 23 21:38:55 devspace kernel: [    0.387880] pci 0000:00:17.7:   bridge window [mem 0xfb600000-0xfb6fffff]
Nov 23 21:38:55 devspace kernel: [    0.387899] pci 0000:00:17.7:   bridge window [mem 0xe5c00000-0xe5cfffff 64bit pref]
Nov 23 21:38:55 devspace kernel: [    0.387945] pci 0000:00:18.0: PCI bridge to [bus 1b]
Nov 23 21:38:55 devspace kernel: [    0.387956] pci 0000:00:18.0:   bridge window [io  0x7000-0x7fff]
Nov 23 21:38:55 devspace kernel: [    0.388004] pci 0000:00:18.0:   bridge window [mem 0xfd100000-0xfd1fffff]
Nov 23 21:38:55 devspace kernel: [    0.388023] pci 0000:00:18.0:   bridge window [mem 0xe7700000-0xe77fffff 64bit pref]
Nov 23 21:38:55 devspace kernel: [    0.388070] pci 0000:00:18.1: PCI bridge to [bus 1c]
Nov 23 21:38:55 devspace kernel: [    0.388081] pci 0000:00:18.1:   bridge window [io  0xb000-0xbfff]
Nov 23 21:38:55 devspace kernel: [    0.388109] pci 0000:00:18.1:   bridge window [mem 0xfcd00000-0xfcdfffff]
Nov 23 21:38:55 devspace kernel: [    0.388128] pci 0000:00:18.1:   bridge window [mem 0xe7300000-0xe73fffff 64bit pref]
Nov 23 21:38:55 devspace kernel: [    0.388173] pci 0000:00:18.2: PCI bridge to [bus 1d]
Nov 23 21:38:55 devspace kernel: [    0.388202] pci 0000:00:18.2:   bridge window [mem 0xfc900000-0xfc9fffff]
Nov 23 21:38:55 devspace kernel: [    0.388221] pci 0000:00:18.2:   bridge window [mem 0xe6f00000-0xe6ffffff 64bit pref]
Nov 23 21:38:55 devspace kernel: [    0.388282] pci 0000:00:18.3: PCI bridge to [bus 1e]
Nov 23 21:38:55 devspace kernel: [    0.388326] pci 0000:00:18.3:   bridge window [mem 0xfc500000-0xfc5fffff]
Nov 23 21:38:55 devspace kernel: [    0.388348] pci 0000:00:18.3:   bridge window [mem 0xe6b00000-0xe6bfffff 64bit pref]
Nov 23 21:38:55 devspace kernel: [    0.388398] pci 0000:00:18.4: PCI bridge to [bus 1f]
Nov 23 21:38:55 devspace kernel: [    0.388427] pci 0000:00:18.4:   bridge window [mem 0xfc100000-0xfc1fffff]
Nov 23 21:38:55 devspace kernel: [    0.388447] pci 0000:00:18.4:   bridge window [mem 0xe6700000-0xe67fffff 64bit pref]
Nov 23 21:38:55 devspace kernel: [    0.388496] pci 0000:00:18.5: PCI bridge to [bus 20]
Nov 23 21:38:55 devspace kernel: [    0.388537] pci 0000:00:18.5:   bridge window [mem 0xfbd00000-0xfbdfffff]
Nov 23 21:38:55 devspace kernel: [    0.388570] pci 0000:00:18.5:   bridge window [mem 0xe6300000-0xe63fffff 64bit pref]
Nov 23 21:38:55 devspace kernel: [    0.388631] pci 0000:00:18.6: PCI bridge to [bus 21]
Nov 23 21:38:55 devspace kernel: [    0.388670] pci 0000:00:18.6:   bridge window [mem 0xfb900000-0xfb9fffff]
Nov 23 21:38:55 devspace kernel: [    0.388727] pci 0000:00:18.6:   bridge window [mem 0xe5f00000-0xe5ffffff 64bit pref]
Nov 23 21:38:55 devspace kernel: [    0.388795] pci 0000:00:18.7: PCI bridge to [bus 22]
Nov 23 21:38:55 devspace kernel: [    0.388835] pci 0000:00:18.7:   bridge window [mem 0xfb500000-0xfb5fffff]
Nov 23 21:38:55 devspace kernel: [    0.388861] pci 0000:00:18.7:   bridge window [mem 0xe5b00000-0xe5bfffff 64bit pref]
Nov 23 21:38:55 devspace kernel: [    0.390581] NET: Registered protocol family 2
Nov 23 21:38:55 devspace kernel: [    0.391817] TCP established hash table entries: 65536 (order: 7, 524288 bytes)
Nov 23 21:38:55 devspace kernel: [    0.392058] TCP bind hash table entries: 65536 (order: 8, 1048576 bytes)
Nov 23 21:38:55 devspace kernel: [    0.392472] TCP: Hash tables configured (established 65536 bind 65536)
Nov 23 21:38:55 devspace kernel: [    0.392560] UDP hash table entries: 4096 (order: 5, 131072 bytes)
Nov 23 21:38:55 devspace kernel: [    0.392608] UDP-Lite hash table entries: 4096 (order: 5, 131072 bytes)
Nov 23 21:38:55 devspace kernel: [    0.393191] NET: Registered protocol family 1
Nov 23 21:38:55 devspace kernel: [    0.393210] pci 0000:00:00.0: Limiting direct PCI/PCI transfers
Nov 23 21:38:55 devspace kernel: [    0.393323] pci 0000:00:0f.0: Video device with shadowed ROM at [mem 0x000c0000-0x000dffff]
Nov 23 21:38:55 devspace kernel: [    0.395163] Unpacking initramfs...
Nov 23 21:38:55 devspace kernel: [    0.859739] Freeing initrd memory: 18992K
Nov 23 21:38:55 devspace kernel: [    0.859744] PCI-DMA: Using software bounce buffering for IO (SWIOTLB)
Nov 23 21:38:55 devspace kernel: [    0.859749] software IO TLB [mem 0xbbee0000-0xbfee0000] (64MB) mapped at [ffff8ed7bbee0000-ffff8ed7bfedffff]
Nov 23 21:38:55 devspace kernel: [    0.859892] clocksource: tsc: mask: 0xffffffffffffffff max_cycles: 0x23f3ed6cc7b, max_idle_ns: 440795302954 ns
Nov 23 21:38:55 devspace kernel: [    0.860830] clocksource: Switched to clocksource tsc
Nov 23 21:38:55 devspace kernel: [    0.864779] audit: initializing netlink subsys (disabled)
Nov 23 21:38:55 devspace kernel: [    0.864819] audit: type=2000 audit(1511440728.856:1): initialized
Nov 23 21:38:55 devspace kernel: [    0.867838] workingset: timestamp_bits=40 max_order=21 bucket_order=0
Nov 23 21:38:55 devspace kernel: [    0.868080] zbud: loaded
Nov 23 21:38:55 devspace kernel: [    0.871971] Block layer SCSI generic (bsg) driver version 0.4 loaded (major 250)
Nov 23 21:38:55 devspace kernel: [    0.872467] io scheduler noop registered
Nov 23 21:38:55 devspace kernel: [    0.872470] io scheduler deadline registered
Nov 23 21:38:55 devspace kernel: [    0.872687] io scheduler cfq registered (default)
Nov 23 21:38:55 devspace kernel: [    0.909016] pcieport 0000:00:15.0: Signaling PME through PCIe PME interrupt
Nov 23 21:38:55 devspace kernel: [    0.909115] pcieport 0000:00:15.1: Signaling PME through PCIe PME interrupt
Nov 23 21:38:55 devspace kernel: [    0.909215] pcieport 0000:00:15.2: Signaling PME through PCIe PME interrupt
Nov 23 21:38:55 devspace kernel: [    0.909314] pcieport 0000:00:15.3: Signaling PME through PCIe PME interrupt
Nov 23 21:38:55 devspace kernel: [    0.909414] pcieport 0000:00:15.4: Signaling PME through PCIe PME interrupt
Nov 23 21:38:55 devspace kernel: [    0.909514] pcieport 0000:00:15.5: Signaling PME through PCIe PME interrupt
Nov 23 21:38:55 devspace kernel: [    0.909600] pcieport 0000:00:15.6: Signaling PME through PCIe PME interrupt
Nov 23 21:38:55 devspace kernel: [    0.909699] pcieport 0000:00:15.7: Signaling PME through PCIe PME interrupt
Nov 23 21:38:55 devspace kernel: [    0.909787] pcieport 0000:00:16.0: Signaling PME through PCIe PME interrupt
Nov 23 21:38:55 devspace kernel: [    0.909873] pcieport 0000:00:16.1: Signaling PME through PCIe PME interrupt
Nov 23 21:38:55 devspace kernel: [    0.909973] pcieport 0000:00:16.2: Signaling PME through PCIe PME interrupt
Nov 23 21:38:55 devspace kernel: [    0.910060] pcieport 0000:00:16.3: Signaling PME through PCIe PME interrupt
Nov 23 21:38:55 devspace kernel: [    0.910160] pcieport 0000:00:16.4: Signaling PME through PCIe PME interrupt
Nov 23 21:38:55 devspace kernel: [    0.910260] pcieport 0000:00:16.5: Signaling PME through PCIe PME interrupt
Nov 23 21:38:55 devspace kernel: [    0.910359] pcieport 0000:00:16.6: Signaling PME through PCIe PME interrupt
Nov 23 21:38:55 devspace kernel: [    0.910459] pcieport 0000:00:16.7: Signaling PME through PCIe PME interrupt
Nov 23 21:38:55 devspace kernel: [    0.910559] pcieport 0000:00:17.0: Signaling PME through PCIe PME interrupt
Nov 23 21:38:55 devspace kernel: [    0.910651] pcieport 0000:00:17.1: Signaling PME through PCIe PME interrupt
Nov 23 21:38:55 devspace kernel: [    0.910737] pcieport 0000:00:17.2: Signaling PME through PCIe PME interrupt
Nov 23 21:38:55 devspace kernel: [    0.910821] pcieport 0000:00:17.3: Signaling PME through PCIe PME interrupt
Nov 23 21:38:55 devspace kernel: [    0.910905] pcieport 0000:00:17.4: Signaling PME through PCIe PME interrupt
Nov 23 21:38:55 devspace kernel: [    0.910988] pcieport 0000:00:17.5: Signaling PME through PCIe PME interrupt
Nov 23 21:38:55 devspace kernel: [    0.911088] pcieport 0000:00:17.6: Signaling PME through PCIe PME interrupt
Nov 23 21:38:55 devspace kernel: [    0.911175] pcieport 0000:00:17.7: Signaling PME through PCIe PME interrupt
Nov 23 21:38:55 devspace kernel: [    0.911264] pcieport 0000:00:18.0: Signaling PME through PCIe PME interrupt
Nov 23 21:38:55 devspace kernel: [    0.911354] pcieport 0000:00:18.1: Signaling PME through PCIe PME interrupt
Nov 23 21:38:55 devspace kernel: [    0.911451] pcieport 0000:00:18.2: Signaling PME through PCIe PME interrupt
Nov 23 21:38:55 devspace kernel: [    0.911551] pcieport 0000:00:18.3: Signaling PME through PCIe PME interrupt
Nov 23 21:38:55 devspace kernel: [    0.911651] pcieport 0000:00:18.4: Signaling PME through PCIe PME interrupt
Nov 23 21:38:55 devspace kernel: [    0.911750] pcieport 0000:00:18.5: Signaling PME through PCIe PME interrupt
Nov 23 21:38:55 devspace kernel: [    0.911850] pcieport 0000:00:18.6: Signaling PME through PCIe PME interrupt
Nov 23 21:38:55 devspace kernel: [    0.911950] pcieport 0000:00:18.7: Signaling PME through PCIe PME interrupt
Nov 23 21:38:55 devspace kernel: [    0.912049] pci_hotplug: PCI Hot Plug PCI Core version: 0.5
Nov 23 21:38:55 devspace kernel: [    0.912099] pciehp 0000:00:15.0:pcie004: Slot #160 AttnBtn+ PwrCtrl+ MRL- AttnInd- PwrInd- HotPlug+ Surprise- Interlock- NoCompl+ LLActRep+
Nov 23 21:38:55 devspace kernel: [    0.912497] pciehp 0000:00:15.1:pcie004: Slot #161 AttnBtn+ PwrCtrl+ MRL- AttnInd- PwrInd- HotPlug+ Surprise- Interlock- NoCompl+ LLActRep+
Nov 23 21:38:55 devspace kernel: [    0.912610] pciehp 0000:00:15.2:pcie004: Slot #162 AttnBtn+ PwrCtrl+ MRL- AttnInd- PwrInd- HotPlug+ Surprise- Interlock- NoCompl+ LLActRep+
Nov 23 21:38:55 devspace kernel: [    0.912882] pciehp 0000:00:15.3:pcie004: Slot #163 AttnBtn+ PwrCtrl+ MRL- AttnInd- PwrInd- HotPlug+ Surprise- Interlock- NoCompl+ LLActRep+
Nov 23 21:38:55 devspace kernel: [    0.913044] pciehp 0000:00:15.4:pcie004: Slot #164 AttnBtn+ PwrCtrl+ MRL- AttnInd- PwrInd- HotPlug+ Surprise- Interlock- NoCompl+ LLActRep+
Nov 23 21:38:55 devspace kernel: [    0.913337] pciehp 0000:00:15.5:pcie004: Slot #165 AttnBtn+ PwrCtrl+ MRL- AttnInd- PwrInd- HotPlug+ Surprise- Interlock- NoCompl+ LLActRep+
Nov 23 21:38:55 devspace kernel: [    0.913499] pciehp 0000:00:15.6:pcie004: Slot #166 AttnBtn+ PwrCtrl+ MRL- AttnInd- PwrInd- HotPlug+ Surprise- Interlock- NoCompl+ LLActRep+
Nov 23 21:38:55 devspace kernel: [    0.913654] pciehp 0000:00:15.7:pcie004: Slot #167 AttnBtn+ PwrCtrl+ MRL- AttnInd- PwrInd- HotPlug+ Surprise- Interlock- NoCompl+ LLActRep+
Nov 23 21:38:55 devspace kernel: [    0.913849] pciehp 0000:00:16.0:pcie004: Slot #192 AttnBtn+ PwrCtrl+ MRL- AttnInd- PwrInd- HotPlug+ Surprise- Interlock- NoCompl+ LLActRep+
Nov 23 21:38:55 devspace kernel: [    0.914005] pciehp 0000:00:16.1:pcie004: Slot #193 AttnBtn+ PwrCtrl+ MRL- AttnInd- PwrInd- HotPlug+ Surprise- Interlock- NoCompl+ LLActRep+
Nov 23 21:38:55 devspace kernel: [    0.914167] pciehp 0000:00:16.2:pcie004: Slot #194 AttnBtn+ PwrCtrl+ MRL- AttnInd- PwrInd- HotPlug+ Surprise- Interlock- NoCompl+ LLActRep+
Nov 23 21:38:55 devspace kernel: [    0.914393] pciehp 0000:00:16.3:pcie004: Slot #195 AttnBtn+ PwrCtrl+ MRL- AttnInd- PwrInd- HotPlug+ Surprise- Interlock- NoCompl+ LLActRep+
Nov 23 21:38:55 devspace kernel: [    0.914746] pciehp 0000:00:16.4:pcie004: Slot #196 AttnBtn+ PwrCtrl+ MRL- AttnInd- PwrInd- HotPlug+ Surprise- Interlock- NoCompl+ LLActRep+
Nov 23 21:38:55 devspace kernel: [    0.914906] pciehp 0000:00:16.5:pcie004: Slot #197 AttnBtn+ PwrCtrl+ MRL- AttnInd- PwrInd- HotPlug+ Surprise- Interlock- NoCompl+ LLActRep+
Nov 23 21:38:55 devspace kernel: [    0.915127] pciehp 0000:00:16.6:pcie004: Slot #198 AttnBtn+ PwrCtrl+ MRL- AttnInd- PwrInd- HotPlug+ Surprise- Interlock- NoCompl+ LLActRep+
Nov 23 21:38:55 devspace kernel: [    0.915266] pciehp 0000:00:16.7:pcie004: Slot #199 AttnBtn+ PwrCtrl+ MRL- AttnInd- PwrInd- HotPlug+ Surprise- Interlock- NoCompl+ LLActRep+
Nov 23 21:38:55 devspace kernel: [    0.915439] pciehp 0000:00:17.0:pcie004: Slot #224 AttnBtn+ PwrCtrl+ MRL- AttnInd- PwrInd- HotPlug+ Surprise- Interlock- NoCompl+ LLActRep+
Nov 23 21:38:55 devspace kernel: [    0.915619] pciehp 0000:00:17.1:pcie004: Slot #225 AttnBtn+ PwrCtrl+ MRL- AttnInd- PwrInd- HotPlug+ Surprise- Interlock- NoCompl+ LLActRep+
Nov 23 21:38:55 devspace kernel: [    0.915755] pciehp 0000:00:17.2:pcie004: Slot #226 AttnBtn+ PwrCtrl+ MRL- AttnInd- PwrInd- HotPlug+ Surprise- Interlock- NoCompl+ LLActRep+
Nov 23 21:38:55 devspace kernel: [    0.915968] pciehp 0000:00:17.3:pcie004: Slot #227 AttnBtn+ PwrCtrl+ MRL- AttnInd- PwrInd- HotPlug+ Surprise- Interlock- NoCompl+ LLActRep+
Nov 23 21:38:55 devspace kernel: [    0.916125] pciehp 0000:00:17.4:pcie004: Slot #228 AttnBtn+ PwrCtrl+ MRL- AttnInd- PwrInd- HotPlug+ Surprise- Interlock- NoCompl+ LLActRep+
Nov 23 21:38:55 devspace kernel: [    0.916280] pciehp 0000:00:17.5:pcie004: Slot #229 AttnBtn+ PwrCtrl+ MRL- AttnInd- PwrInd- HotPlug+ Surprise- Interlock- NoCompl+ LLActRep+
Nov 23 21:38:55 devspace kernel: [    0.916480] pciehp 0000:00:17.6:pcie004: Slot #230 AttnBtn+ PwrCtrl+ MRL- AttnInd- PwrInd- HotPlug+ Surprise- Interlock- NoCompl+ LLActRep+
Nov 23 21:38:55 devspace kernel: [    0.916642] pciehp 0000:00:17.7:pcie004: Slot #231 AttnBtn+ PwrCtrl+ MRL- AttnInd- PwrInd- HotPlug+ Surprise- Interlock- NoCompl+ LLActRep+
Nov 23 21:38:55 devspace kernel: [    0.916872] pciehp 0000:00:18.0:pcie004: Slot #256 AttnBtn+ PwrCtrl+ MRL- AttnInd- PwrInd- HotPlug+ Surprise- Interlock- NoCompl+ LLActRep+
Nov 23 21:38:55 devspace kernel: [    0.917055] pciehp 0000:00:18.1:pcie004: Slot #257 AttnBtn+ PwrCtrl+ MRL- AttnInd- PwrInd- HotPlug+ Surprise- Interlock- NoCompl+ LLActRep+
Nov 23 21:38:55 devspace kernel: [    0.917208] pciehp 0000:00:18.2:pcie004: Slot #258 AttnBtn+ PwrCtrl+ MRL- AttnInd- PwrInd- HotPlug+ Surprise- Interlock- NoCompl+ LLActRep+
Nov 23 21:38:55 devspace kernel: [    0.917358] pciehp 0000:00:18.3:pcie004: Slot #259 AttnBtn+ PwrCtrl+ MRL- AttnInd- PwrInd- HotPlug+ Surprise- Interlock- NoCompl+ LLActRep+
Nov 23 21:38:55 devspace kernel: [    0.917615] pciehp 0000:00:18.4:pcie004: Slot #260 AttnBtn+ PwrCtrl+ MRL- AttnInd- PwrInd- HotPlug+ Surprise- Interlock- NoCompl+ LLActRep+
Nov 23 21:38:55 devspace kernel: [    0.917805] pciehp 0000:00:18.5:pcie004: Slot #261 AttnBtn+ PwrCtrl+ MRL- AttnInd- PwrInd- HotPlug+ Surprise- Interlock- NoCompl+ LLActRep+
Nov 23 21:38:55 devspace kernel: [    0.917966] pciehp 0000:00:18.6:pcie004: Slot #262 AttnBtn+ PwrCtrl+ MRL- AttnInd- PwrInd- HotPlug+ Surprise- Interlock- NoCompl+ LLActRep+
Nov 23 21:38:55 devspace kernel: [    0.918123] pciehp 0000:00:18.7:pcie004: Slot #263 AttnBtn+ PwrCtrl+ MRL- AttnInd- PwrInd- HotPlug+ Surprise- Interlock- NoCompl+ LLActRep+
Nov 23 21:38:55 devspace kernel: [    0.918271] pciehp: PCI Express Hot Plug Controller Driver version: 0.4
Nov 23 21:38:55 devspace kernel: [    0.918801] GHES: HEST is not enabled!
Nov 23 21:38:55 devspace kernel: [    0.918976] Serial: 8250/16550 driver, 4 ports, IRQ sharing enabled
Nov 23 21:38:55 devspace kernel: [    0.940963] 00:05: ttyS0 at I/O 0x3f8 (irq = 4, base_baud = 115200) is a 16550A
Nov 23 21:38:55 devspace kernel: [    0.941500] Linux agpgart interface v0.103
Nov 23 21:38:55 devspace kernel: [    0.941550] agpgart-intel 0000:00:00.0: Intel 440BX Chipset
Nov 23 21:38:55 devspace kernel: [    0.941987] agpgart-intel 0000:00:00.0: AGP aperture is 256M @ 0x0
Nov 23 21:38:55 devspace kernel: [    0.942037] AMD IOMMUv2 driver by Joerg Roedel <jroedel@suse.de>
Nov 23 21:38:55 devspace kernel: [    0.942049] AMD IOMMUv2 functionality not available on this system
Nov 23 21:38:55 devspace kernel: [    0.942308] i8042: PNP: PS/2 Controller [PNP0303:KBC,PNP0f13:MOUS] at 0x60,0x64 irq 1,12
Nov 23 21:38:55 devspace kernel: [    0.942883] serio: i8042 KBD port at 0x60,0x64 irq 1
Nov 23 21:38:55 devspace kernel: [    0.942914] serio: i8042 AUX port at 0x60,0x64 irq 12
Nov 23 21:38:55 devspace kernel: [    0.943580] mousedev: PS/2 mouse device common for all mice
Nov 23 21:38:55 devspace kernel: [    0.943956] rtc_cmos 00:01: rtc core: registered rtc_cmos as rtc0
Nov 23 21:38:55 devspace kernel: [    0.944115] rtc_cmos 00:01: alarms up to one month, y3k, 114 bytes nvram, hpet irqs
Nov 23 21:38:55 devspace kernel: [    0.944493] ledtrig-cpu: registered to indicate activity on CPUs
Nov 23 21:38:55 devspace kernel: [    0.945630] input: AT Translated Set 2 keyboard as /devices/platform/i8042/serio0/input/input0
Nov 23 21:38:55 devspace kernel: [    0.946293] NET: Registered protocol family 10
Nov 23 21:38:55 devspace kernel: [    0.946696] mip6: Mobile IPv6
Nov 23 21:38:55 devspace kernel: [    0.946699] NET: Registered protocol family 17
Nov 23 21:38:55 devspace kernel: [    0.946702] mpls_gso: MPLS GSO support
Nov 23 21:38:55 devspace kernel: [    0.946900] microcode: sig=0x40651, pf=0x1, revision=0x1d
Nov 23 21:38:55 devspace kernel: [    0.947174] microcode: Microcode Update Driver: v2.01 <tigran@aivazian.fsnet.co.uk>, Peter Oruba
Nov 23 21:38:55 devspace kernel: [    0.947574] registered taskstats version 1
Nov 23 21:38:55 devspace kernel: [    0.947602] zswap: loaded using pool lzo/zbud
Nov 23 21:38:55 devspace kernel: [    0.948208] ima: No TPM chip found, activating TPM-bypass!
Nov 23 21:38:55 devspace kernel: [    0.952902] rtc_cmos 00:01: setting system clock to 2017-11-23 12:38:50 UTC (1511440730)
Nov 23 21:38:55 devspace kernel: [    0.953138] Freeing unused kernel memory: 1396K
Nov 23 21:38:55 devspace kernel: [    0.953141] Write protecting the kernel read-only data: 12288k
Nov 23 21:38:55 devspace kernel: [    0.953517] Freeing unused kernel memory: 1980K
Nov 23 21:38:55 devspace kernel: [    0.953690] Freeing unused kernel memory: 1240K
Nov 23 21:38:55 devspace kernel: [    0.956746] x86/mm: Checked W+X mappings: passed, no W+X pages found.
Nov 23 21:38:55 devspace kernel: [    0.971514] random: systemd-udevd: uninitialized urandom read (16 bytes read)
Nov 23 21:38:55 devspace kernel: [    0.971564] random: systemd-udevd: uninitialized urandom read (16 bytes read)
Nov 23 21:38:55 devspace kernel: [    0.971577] random: systemd-udevd: uninitialized urandom read (16 bytes read)
Nov 23 21:38:55 devspace kernel: [    0.971588] random: systemd-udevd: uninitialized urandom read (16 bytes read)
Nov 23 21:38:55 devspace kernel: [    0.971901] random: udevadm: uninitialized urandom read (16 bytes read)
Nov 23 21:38:55 devspace kernel: [    0.971950] random: udevadm: uninitialized urandom read (16 bytes read)
Nov 23 21:38:55 devspace kernel: [    0.976746] random: udevadm: uninitialized urandom read (16 bytes read)
Nov 23 21:38:55 devspace kernel: [    0.976789] random: udevadm: uninitialized urandom read (16 bytes read)
Nov 23 21:38:55 devspace kernel: [    0.976802] random: udevadm: uninitialized urandom read (16 bytes read)
Nov 23 21:38:55 devspace kernel: [    0.976852] random: udevadm: uninitialized urandom read (16 bytes read)
Nov 23 21:38:55 devspace kernel: [    1.042856] Floppy drive(s): fd0 is 1.44M
Nov 23 21:38:55 devspace kernel: [    1.073152] e1000: Intel(R) PRO/1000 Network Driver - version 7.3.21-k8-NAPI
Nov 23 21:38:55 devspace kernel: [    1.073153] e1000: Copyright (c) 1999-2006 Intel Corporation.
Nov 23 21:38:55 devspace kernel: [    1.073170] SCSI subsystem initialized
Nov 23 21:38:55 devspace kernel: [    1.075544] Fusion MPT base driver 3.04.20
Nov 23 21:38:55 devspace kernel: [    1.075559] Copyright (c) 1999-2008 LSI Corporation
Nov 23 21:38:55 devspace kernel: [    1.079665] ACPI: bus type USB registered
Nov 23 21:38:55 devspace kernel: [    1.079696] usbcore: registered new interface driver usbfs
Nov 23 21:38:55 devspace kernel: [    1.079708] usbcore: registered new interface driver hub
Nov 23 21:38:55 devspace kernel: [    1.080006] usbcore: registered new device driver usb
Nov 23 21:38:55 devspace kernel: [    1.081541] ehci_hcd: USB 2.0 'Enhanced' Host Controller (EHCI) Driver
Nov 23 21:38:55 devspace kernel: [    1.081809] Fusion MPT SPI Host driver 3.04.20
Nov 23 21:38:55 devspace kernel: [    1.085513] ehci-pci: EHCI PCI platform driver
Nov 23 21:38:55 devspace kernel: [    1.086903] uhci_hcd: USB Universal Host Controller Interface driver
Nov 23 21:38:55 devspace kernel: [    1.087780] mptbase: ioc0: Initiating bringup
Nov 23 21:38:55 devspace kernel: [    1.092200] input: VirtualPS/2 VMware VMMouse as /devices/platform/i8042/serio1/input/input3
Nov 23 21:38:55 devspace kernel: [    1.092975] input: VirtualPS/2 VMware VMMouse as /devices/platform/i8042/serio1/input/input2
Nov 23 21:38:55 devspace kernel: [    1.116286] AVX2 version of gcm_enc/dec engaged.
Nov 23 21:38:55 devspace kernel: [    1.116300] AES CTR mode by8 optimization enabled
Nov 23 21:38:55 devspace kernel: [    1.201079] ioc0:
Nov 23 21:38:55 devspace kernel: [    1.201095] LSI53C1030 B0:
Nov 23 21:38:55 devspace kernel: [    1.201096] Capabilities={
Nov 23 21:38:55 devspace kernel: [    1.201097] Initiator
Nov 23 21:38:55 devspace kernel: [    1.201098] }
Nov 23 21:38:55 devspace kernel: [    1.446702] scsi host0: ioc0: LSI53C1030 B0, FwRev=01032920h, Ports=1, MaxQ=128, IRQ=17
Nov 23 21:38:55 devspace kernel: [    1.504111] e1000 0000:02:01.0 eth0: (PCI:66MHz:32-bit) 00:0c:29:3b:5e:13
Nov 23 21:38:55 devspace kernel: [    1.504140] e1000 0000:02:01.0 eth0: Intel(R) PRO/1000 Network Connection
Nov 23 21:38:55 devspace kernel: [    1.504610] ehci-pci 0000:02:03.0: EHCI Host Controller
Nov 23 21:38:55 devspace kernel: [    1.504631] ehci-pci 0000:02:03.0: new USB bus registered, assigned bus number 1
Nov 23 21:38:55 devspace kernel: [    1.504768] ehci-pci 0000:02:03.0: irq 17, io mem 0xfd5ef000
Nov 23 21:38:55 devspace kernel: [    1.504867] e1000 0000:02:01.0 ens33: renamed from eth0
Nov 23 21:38:55 devspace kernel: [    1.520790] ehci-pci 0000:02:03.0: USB 2.0 started, EHCI 1.00
Nov 23 21:38:55 devspace kernel: [    1.521250] usb usb1: New USB device found, idVendor=1d6b, idProduct=0002
Nov 23 21:38:55 devspace kernel: [    1.521253] usb usb1: New USB device strings: Mfr=3, Product=2, SerialNumber=1
Nov 23 21:38:55 devspace kernel: [    1.521255] usb usb1: Product: EHCI Host Controller
Nov 23 21:38:55 devspace kernel: [    1.521256] usb usb1: Manufacturer: Linux 4.9.0-4-amd64 ehci_hcd
Nov 23 21:38:55 devspace kernel: [    1.521258] usb usb1: SerialNumber: 0000:02:03.0
Nov 23 21:38:55 devspace kernel: [    1.521634] hub 1-0:1.0: USB hub found
Nov 23 21:38:55 devspace kernel: [    1.521694] hub 1-0:1.0: 6 ports detected
Nov 23 21:38:55 devspace kernel: [    1.522875] uhci_hcd 0000:02:00.0: UHCI Host Controller
Nov 23 21:38:55 devspace kernel: [    1.522900] uhci_hcd 0000:02:00.0: new USB bus registered, assigned bus number 2
Nov 23 21:38:55 devspace kernel: [    1.522950] uhci_hcd 0000:02:00.0: detected 2 ports
Nov 23 21:38:55 devspace kernel: [    1.523080] uhci_hcd 0000:02:00.0: irq 18, io base 0x00002080
Nov 23 21:38:55 devspace kernel: [    1.523614] usb usb2: New USB device found, idVendor=1d6b, idProduct=0001
Nov 23 21:38:55 devspace kernel: [    1.523616] usb usb2: New USB device strings: Mfr=3, Product=2, SerialNumber=1
Nov 23 21:38:55 devspace kernel: [    1.523617] usb usb2: Product: UHCI Host Controller
Nov 23 21:38:55 devspace kernel: [    1.523618] usb usb2: Manufacturer: Linux 4.9.0-4-amd64 uhci_hcd
Nov 23 21:38:55 devspace kernel: [    1.523620] usb usb2: SerialNumber: 0000:02:00.0
Nov 23 21:38:55 devspace kernel: [    1.523848] hub 2-0:1.0: USB hub found
Nov 23 21:38:55 devspace kernel: [    1.523956] hub 2-0:1.0: 2 ports detected
Nov 23 21:38:55 devspace kernel: [    1.614514] scsi 0:0:0:0: Direct-Access     VMware,  VMware Virtual S 1.0  PQ: 0 ANSI: 2
Nov 23 21:38:55 devspace kernel: [    1.614534] scsi target0:0:0: Beginning Domain Validation
Nov 23 21:38:55 devspace kernel: [    1.615553] scsi target0:0:0: Domain Validation skipping write tests
Nov 23 21:38:55 devspace kernel: [    1.615555] scsi target0:0:0: Ending Domain Validation
Nov 23 21:38:55 devspace kernel: [    1.615577] scsi target0:0:0: FAST-40 WIDE SCSI 80.0 MB/s ST (25 ns, offset 127)
Nov 23 21:38:55 devspace kernel: [    1.615828] scsi host1: ata_piix
Nov 23 21:38:55 devspace kernel: [    1.618488] scsi host2: ata_piix
Nov 23 21:38:55 devspace kernel: [    1.618612] ata1: PATA max UDMA/33 cmd 0x1f0 ctl 0x3f6 bmdma 0x1060 irq 14
Nov 23 21:38:55 devspace kernel: [    1.618616] ata2: PATA max UDMA/33 cmd 0x170 ctl 0x376 bmdma 0x1068 irq 15
Nov 23 21:38:55 devspace kernel: [    1.794097] ata2.00: ATAPI: VMware Virtual IDE CDROM Drive, 00000001, max UDMA/33
Nov 23 21:38:55 devspace kernel: [    1.799470] ata2.00: configured for UDMA/33
