Apr  1 06:25:04 hmaster liblogging-stdlog:  [origin software="rsyslogd" swVersion="8.24.0" x-pid="378" x-info="http://www.rsyslog.com"] rsyslogd was HUPed
Apr  2 06:25:03 hmaster liblogging-stdlog:  [origin software="rsyslogd" swVersion="8.24.0" x-pid="378" x-info="http://www.rsyslog.com"] rsyslogd was HUPed
Apr  3 06:25:03 hmaster liblogging-stdlog:  [origin software="rsyslogd" swVersion="8.24.0" x-pid="378" x-info="http://www.rsyslog.com"] rsyslogd was HUPed
Apr  3 14:11:43 hmaster kernel: [606974.797727] hv_utils: Using TimeSync version 4.0
Apr  3 14:11:45 hmaster kernel: [606976.406712] hv_balloon: Received INFO_TYPE_MAX_PAGE_CNT
Apr  3 14:11:45 hmaster kernel: [606976.406750] hv_balloon: Data Size is 8
Apr  7 16:20:27 hmaster kernel: [    0.000000] Linux version 4.9.0-4-amd64 (debian-kernel@lists.debian.org) (gcc version 6.3.0 20170516 (Debian 6.3.0-18) ) #1 SMP Debian 4.9.65-3+deb9u1 (2017-12-23)
Apr  7 16:20:27 hmaster kernel: [    0.000000] Command line: BOOT_IMAGE=/boot/vmlinuz-4.9.0-4-amd64 root=/dev/sda1 ro quiet
Apr  7 16:20:27 hmaster kernel: [    0.000000] x86/fpu: Legacy x87 FPU detected.
Apr  7 16:20:27 hmaster kernel: [    0.000000] x86/fpu: Using 'eager' FPU context switches.
Apr  7 16:20:27 hmaster kernel: [    0.000000] e820: BIOS-provided physical RAM map:
Apr  7 16:20:27 hmaster kernel: [    0.000000] BIOS-e820: [mem 0x0000000000000000-0x000000000009fbff] usable
Apr  7 16:20:27 hmaster kernel: [    0.000000] BIOS-e820: [mem 0x000000000009fc00-0x000000000009ffff] reserved
Apr  7 16:20:27 hmaster kernel: [    0.000000] BIOS-e820: [mem 0x00000000000e0000-0x00000000000fffff] reserved
Apr  7 16:20:27 hmaster kernel: [    0.000000] BIOS-e820: [mem 0x0000000000100000-0x000000003ffeffff] usable
Apr  7 16:20:27 hmaster kernel: [    0.000000] BIOS-e820: [mem 0x000000003fff0000-0x000000003fffefff] ACPI data
Apr  7 16:20:27 hmaster kernel: [    0.000000] BIOS-e820: [mem 0x000000003ffff000-0x000000003fffffff] ACPI NVS
Apr  7 16:20:27 hmaster kernel: [    0.000000] NX (Execute Disable) protection: active
Apr  7 16:20:27 hmaster kernel: [    0.000000] SMBIOS 2.3 present.
Apr  7 16:20:27 hmaster kernel: [    0.000000] Hypervisor detected: Microsoft HyperV
Apr  7 16:20:27 hmaster kernel: [    0.000000] HyperV: features 0x2e7f, hints 0xc2c
Apr  7 16:20:27 hmaster kernel: [    0.000000] HyperV: LAPIC Timer Frequency: 0xc3500
Apr  7 16:20:27 hmaster kernel: [    0.000000] clocksource: hyperv_clocksource: mask: 0xffffffffffffffff max_cycles: 0x24e6a1710, max_idle_ns: 440795202120 ns
Apr  7 16:20:27 hmaster kernel: [    0.000000] tsc: Marking TSC unstable due to running on Hyper-V
Apr  7 16:20:27 hmaster kernel: [    0.000000] e820: last_pfn = 0x3fff0 max_arch_pfn = 0x400000000
Apr  7 16:20:27 hmaster kernel: [    0.000000] x86/PAT: Configuration [0-7]: WB  WC  UC- UC  WB  WC  UC- WT
Apr  7 16:20:27 hmaster kernel: [    0.000000] found SMP MP-table at [mem 0x000ff780-0x000ff78f] mapped at [ffff94fe800ff780]
Apr  7 16:20:27 hmaster kernel: [    0.000000] RAMDISK: [mem 0x35d9f000-0x36ec6fff]
Apr  7 16:20:27 hmaster kernel: [    0.000000] ACPI: Early table checksum verification disabled
Apr  7 16:20:27 hmaster kernel: [    0.000000] ACPI: RSDP 0x00000000000F5BF0 000014 (v00 ACPIAM)
Apr  7 16:20:27 hmaster kernel: [    0.000000] ACPI: RSDT 0x000000003FFF0000 000040 (v01 VRTUAL MICROSFT 06001702 MSFT 00000097)
Apr  7 16:20:27 hmaster kernel: [    0.000000] ACPI: FACP 0x000000003FFF0200 000081 (v02 VRTUAL MICROSFT 06001702 MSFT 00000097)
Apr  7 16:20:27 hmaster kernel: [    0.000000] ACPI: DSDT 0x000000003FFF1D24 003CBE (v01 MSFTVM MSFTVM02 00000002 INTL 02002026)
Apr  7 16:20:27 hmaster kernel: [    0.000000] ACPI: FACS 0x000000003FFFF000 000040
Apr  7 16:20:27 hmaster kernel: [    0.000000] ACPI: WAET 0x000000003FFF1A80 000028 (v01 VRTUAL MICROSFT 06001702 MSFT 00000097)
Apr  7 16:20:27 hmaster kernel: [    0.000000] ACPI: SLIC 0x000000003FFF1AC0 000176 (v01 VRTUAL MICROSFT 06001702 MSFT 00000097)
Apr  7 16:20:27 hmaster kernel: [    0.000000] ACPI: OEM0 0x000000003FFF1CC0 000064 (v01 VRTUAL MICROSFT 06001702 MSFT 00000097)
Apr  7 16:20:27 hmaster kernel: [    0.000000] ACPI: SRAT 0x000000003FFF0800 0000E0 (v02 VRTUAL MICROSFT 00000001 MSFT 00000001)
Apr  7 16:20:27 hmaster kernel: [    0.000000] ACPI: APIC 0x000000003FFF0300 000452 (v01 VRTUAL MICROSFT 06001702 MSFT 00000097)
Apr  7 16:20:27 hmaster kernel: [    0.000000] ACPI: OEMB 0x000000003FFFF040 000064 (v01 VRTUAL MICROSFT 06001702 MSFT 00000097)
Apr  7 16:20:27 hmaster kernel: [    0.000000] SRAT: PXM 0 -> APIC 0x00 -> Node 0
Apr  7 16:20:27 hmaster kernel: [    0.000000] ACPI: SRAT: Node 0 PXM 0 [mem 0x00000000-0x3fffffff] hotplug
Apr  7 16:20:27 hmaster kernel: [    0.000000] ACPI: SRAT: Node 0 PXM 0 [mem 0x40200000-0xf7ffffff] hotplug
Apr  7 16:20:27 hmaster kernel: [    0.000000] ACPI: SRAT: Node 0 PXM 0 [mem 0x100000000-0xfdfffffff] hotplug
Apr  7 16:20:27 hmaster kernel: [    0.000000] ACPI: SRAT: Node 0 PXM 0 [mem 0x1000000000-0xffffffffff] hotplug
Apr  7 16:20:27 hmaster kernel: [    0.000000] NODE_DATA(0) allocated [mem 0x3ffeb000-0x3ffeffff]
Apr  7 16:20:27 hmaster kernel: [    0.000000] Zone ranges:
Apr  7 16:20:27 hmaster kernel: [    0.000000]   DMA      [mem 0x0000000000001000-0x0000000000ffffff]
Apr  7 16:20:27 hmaster kernel: [    0.000000]   DMA32    [mem 0x0000000001000000-0x000000003ffeffff]
Apr  7 16:20:27 hmaster kernel: [    0.000000]   Normal   empty
Apr  7 16:20:27 hmaster kernel: [    0.000000]   Device   empty
Apr  7 16:20:27 hmaster kernel: [    0.000000] Movable zone start for each node
Apr  7 16:20:27 hmaster kernel: [    0.000000] Early memory node ranges
Apr  7 16:20:27 hmaster kernel: [    0.000000]   node   0: [mem 0x0000000000001000-0x000000000009efff]
Apr  7 16:20:27 hmaster kernel: [    0.000000]   node   0: [mem 0x0000000000100000-0x000000003ffeffff]
Apr  7 16:20:27 hmaster kernel: [    0.000000] Initmem setup node 0 [mem 0x0000000000001000-0x000000003ffeffff]
Apr  7 16:20:27 hmaster kernel: [    0.000000] ACPI: PM-Timer IO Port: 0x408
Apr  7 16:20:27 hmaster kernel: [    0.000000] ACPI: LAPIC_NMI (acpi_id[0xff] dfl dfl lint[0x1])
Apr  7 16:20:27 hmaster kernel: [    0.000000] IOAPIC[0]: apic_id 0, version 17, address 0xfec00000, GSI 0-23
Apr  7 16:20:27 hmaster kernel: [    0.000000] ACPI: INT_SRC_OVR (bus 0 bus_irq 0 global_irq 2 dfl dfl)
Apr  7 16:20:27 hmaster kernel: [    0.000000] ACPI: INT_SRC_OVR (bus 0 bus_irq 9 global_irq 9 high level)
Apr  7 16:20:27 hmaster kernel: [    0.000000] Using ACPI (MADT) for SMP configuration information
Apr  7 16:20:27 hmaster kernel: [    0.000000] smpboot: Allowing 128 CPUs, 127 hotplug CPUs
Apr  7 16:20:27 hmaster kernel: [    0.000000] PM: Registered nosave memory: [mem 0x00000000-0x00000fff]
Apr  7 16:20:27 hmaster kernel: [    0.000000] PM: Registered nosave memory: [mem 0x0009f000-0x0009ffff]
Apr  7 16:20:27 hmaster kernel: [    0.000000] PM: Registered nosave memory: [mem 0x000a0000-0x000dffff]
Apr  7 16:20:27 hmaster kernel: [    0.000000] PM: Registered nosave memory: [mem 0x000e0000-0x000fffff]
Apr  7 16:20:27 hmaster kernel: [    0.000000] e820: [mem 0x40000000-0xffffffff] available for PCI devices
Apr  7 16:20:27 hmaster kernel: [    0.000000] Booting paravirtualized kernel on bare hardware
Apr  7 16:20:27 hmaster kernel: [    0.000000] clocksource: refined-jiffies: mask: 0xffffffff max_cycles: 0xffffffff, max_idle_ns: 7645519600211568 ns
Apr  7 16:20:27 hmaster kernel: [    0.000000] setup_percpu: NR_CPUS:512 nr_cpumask_bits:512 nr_cpu_ids:128 nr_node_ids:1
Apr  7 16:20:27 hmaster kernel: [    0.000000] percpu: Embedded 35 pages/cpu @ffff94febc600000 s103448 r8192 d31720 u262144
Apr  7 16:20:27 hmaster kernel: [    0.000000] Built 1 zonelists in Node order, mobility grouping on.  Total pages: 257913
Apr  7 16:20:27 hmaster kernel: [    0.000000] Policy zone: DMA32
Apr  7 16:20:27 hmaster kernel: [    0.000000] Kernel command line: BOOT_IMAGE=/boot/vmlinuz-4.9.0-4-amd64 root=/dev/sda1 ro quiet
Apr  7 16:20:27 hmaster kernel: [    0.000000] log_buf_len individual max cpu contribution: 4096 bytes
Apr  7 16:20:27 hmaster kernel: [    0.000000] log_buf_len total cpu_extra contributions: 520192 bytes
Apr  7 16:20:27 hmaster kernel: [    0.000000] log_buf_len min size: 131072 bytes
Apr  7 16:20:27 hmaster kernel: [    0.000000] log_buf_len: 1048576 bytes
Apr  7 16:20:27 hmaster kernel: [    0.000000] early log buf free: 123012(93%)
Apr  7 16:20:27 hmaster kernel: [    0.000000] PID hash table entries: 4096 (order: 3, 32768 bytes)
Apr  7 16:20:27 hmaster kernel: [    0.000000] Memory: 913500K/1048120K available (6195K kernel code, 1137K rwdata, 2856K rodata, 1396K init, 688K bss, 134620K reserved, 0K cma-reserved)
Apr  7 16:20:27 hmaster kernel: [    0.000000] Hierarchical RCU implementation.
Apr  7 16:20:27 hmaster kernel: [    0.000000] 	Build-time adjustment of leaf fanout to 64.
Apr  7 16:20:27 hmaster kernel: [    0.000000] 	RCU restricting CPUs from NR_CPUS=512 to nr_cpu_ids=128.
Apr  7 16:20:27 hmaster kernel: [    0.000000] RCU: Adjusting geometry for rcu_fanout_leaf=64, nr_cpu_ids=128
Apr  7 16:20:27 hmaster kernel: [    0.000000] NR_IRQS:33024 nr_irqs:1448 16
Apr  7 16:20:27 hmaster kernel: [    0.000000] Console: colour VGA+ 80x25
Apr  7 16:20:27 hmaster kernel: [    0.000000] console [tty0] enabled
Apr  7 16:20:27 hmaster kernel: [    0.000000] tsc: Fast TSC calibration failed
Apr  7 16:20:27 hmaster kernel: [    0.000000] tsc: Unable to calibrate against PIT
Apr  7 16:20:27 hmaster kernel: [    0.000000] tsc: using PMTIMER reference calibration
Apr  7 16:20:27 hmaster kernel: [    0.000000] tsc: Detected 1998.538 MHz processor
Apr  7 16:20:27 hmaster kernel: [    0.012035] Calibrating delay loop (skipped), value calculated using timer frequency.. 3997.07 BogoMIPS (lpj=7994152)
Apr  7 16:20:27 hmaster kernel: [    0.012038] pid_max: default: 131072 minimum: 1024
Apr  7 16:20:27 hmaster kernel: [    0.012160] ACPI: Core revision 20160831
Apr  7 16:20:27 hmaster kernel: [    0.016000] ACPI: 1 ACPI AML tables successfully acquired and loaded
Apr  7 16:20:27 hmaster kernel: [    0.016000] Security Framework initialized
Apr  7 16:20:27 hmaster kernel: [    0.016000] Yama: disabled by default; enable with sysctl kernel.yama.*
Apr  7 16:20:27 hmaster kernel: [    0.016000] AppArmor: AppArmor disabled by boot time parameter
Apr  7 16:20:27 hmaster kernel: [    0.016000] Dentry cache hash table entries: 131072 (order: 8, 1048576 bytes)
Apr  7 16:20:27 hmaster kernel: [    0.016000] Inode-cache hash table entries: 65536 (order: 7, 524288 bytes)
Apr  7 16:20:27 hmaster kernel: [    0.016000] Mount-cache hash table entries: 2048 (order: 2, 16384 bytes)
Apr  7 16:20:27 hmaster kernel: [    0.016000] Mountpoint-cache hash table entries: 2048 (order: 2, 16384 bytes)
Apr  7 16:20:27 hmaster kernel: [    0.016000] CPU: Physical Processor ID: 0
Apr  7 16:20:27 hmaster kernel: [    0.016000] mce: CPU supports 1 MCE banks
Apr  7 16:20:27 hmaster kernel: [    0.016000] Last level iTLB entries: 4KB 512, 2MB 7, 4MB 7
Apr  7 16:20:27 hmaster kernel: [    0.016000] Last level dTLB entries: 4KB 512, 2MB 32, 4MB 32, 1GB 0
Apr  7 16:20:27 hmaster kernel: [    0.024000] ftrace: allocating 25200 entries in 99 pages
Apr  7 16:20:27 hmaster kernel: [    0.024169] smpboot: Max logical packages: 128
Apr  7 16:20:27 hmaster kernel: [    0.024195] Switched APIC routing to physical flat.
Apr  7 16:20:27 hmaster kernel: [    0.036000] ..TIMER: vector=0x30 apic1=0 pin1=2 apic2=-1 pin2=-1
Apr  7 16:20:27 hmaster kernel: [    0.036301] smpboot: CPU0: Intel(R) Core(TM) i7 CPU         860  @ 2.80GHz (family: 0x6, model: 0x1e, stepping: 0x5)
Apr  7 16:20:27 hmaster kernel: [    0.036306] Performance Events: unsupported p6 CPU model 30 no PMU driver, software events only.
Apr  7 16:20:27 hmaster kernel: [    0.038096] NMI watchdog: disabled (cpu0): hardware events not enabled
Apr  7 16:20:27 hmaster kernel: [    0.038097] NMI watchdog: Shutting down hard lockup detector on all cpus
Apr  7 16:20:27 hmaster kernel: [    0.038110] x86: Booted up 1 node, 1 CPUs
Apr  7 16:20:27 hmaster kernel: [    0.038113] smpboot: Total of 1 processors activated (3997.07 BogoMIPS)
Apr  7 16:20:27 hmaster kernel: [    0.044767] devtmpfs: initialized
Apr  7 16:20:27 hmaster kernel: [    0.044881] x86/mm: Memory block size: 128MB
Apr  7 16:20:27 hmaster kernel: [    0.049344] PM: Registering ACPI NVS region [mem 0x3ffff000-0x3fffffff] (4096 bytes)
Apr  7 16:20:27 hmaster kernel: [    0.049476] clocksource: jiffies: mask: 0xffffffff max_cycles: 0xffffffff, max_idle_ns: 7645041785100000 ns
Apr  7 16:20:27 hmaster kernel: [    0.049661] futex hash table entries: 32768 (order: 9, 2097152 bytes)
Apr  7 16:20:27 hmaster kernel: [    0.050329] pinctrl core: initialized pinctrl subsystem
Apr  7 16:20:27 hmaster kernel: [    0.050656] NET: Registered protocol family 16
Apr  7 16:20:27 hmaster kernel: [    0.050995] cpuidle: using governor ladder
Apr  7 16:20:27 hmaster kernel: [    0.050997] cpuidle: using governor menu
Apr  7 16:20:27 hmaster kernel: [    0.051038] ACPI: bus type PCI registered
Apr  7 16:20:27 hmaster kernel: [    0.051040] acpiphp: ACPI Hot Plug PCI Controller Driver version: 0.5
Apr  7 16:20:27 hmaster kernel: [    0.052007] PCI: Using configuration type 1 for base access
Apr  7 16:20:27 hmaster kernel: [    0.053658] HugeTLB registered 2 MB page size, pre-allocated 0 pages
Apr  7 16:20:27 hmaster kernel: [    0.054273] ACPI: Added _OSI(Module Device)
Apr  7 16:20:27 hmaster kernel: [    0.054274] ACPI: Added _OSI(Processor Device)
Apr  7 16:20:27 hmaster kernel: [    0.054275] ACPI: Added _OSI(3.0 _SCP Extensions)
Apr  7 16:20:27 hmaster kernel: [    0.054275] ACPI: Added _OSI(Processor Aggregator Device)
Apr  7 16:20:27 hmaster kernel: [    0.061322] ACPI: Interpreter enabled
Apr  7 16:20:27 hmaster kernel: [    0.061334] ACPI: (supports S0 S5)
Apr  7 16:20:27 hmaster kernel: [    0.061335] ACPI: Using IOAPIC for interrupt routing
Apr  7 16:20:27 hmaster kernel: [    0.061365] PCI: Using host bridge windows from ACPI; if necessary, use "pci=nocrs" and report a bug
Apr  7 16:20:27 hmaster kernel: [    0.104212] ACPI: PCI Root Bridge [PCI0] (domain 0000 [bus 00-ff])
Apr  7 16:20:27 hmaster kernel: [    0.104218] acpi PNP0A03:00: _OSC: OS supports [ASPM ClockPM Segments MSI]
Apr  7 16:20:27 hmaster kernel: [    0.104224] acpi PNP0A03:00: _OSC failed (AE_NOT_FOUND); disabling ASPM
Apr  7 16:20:27 hmaster kernel: [    0.104234] acpi PNP0A03:00: fail to add MMCONFIG information, can't access extended PCI configuration space under this bridge.
Apr  7 16:20:27 hmaster kernel: [    0.104537] PCI host bridge to bus 0000:00
Apr  7 16:20:27 hmaster kernel: [    0.104540] pci_bus 0000:00: root bus resource [mem 0xfe0000000-0xfffffffff window]
Apr  7 16:20:27 hmaster kernel: [    0.104542] pci_bus 0000:00: root bus resource [io  0x0000-0x0cf7 window]
Apr  7 16:20:27 hmaster kernel: [    0.104544] pci_bus 0000:00: root bus resource [io  0x0d00-0xffff window]
Apr  7 16:20:27 hmaster kernel: [    0.104545] pci_bus 0000:00: root bus resource [mem 0x000a0000-0x000bffff window]
Apr  7 16:20:27 hmaster kernel: [    0.104547] pci_bus 0000:00: root bus resource [mem 0xf8000000-0xfffbffff window]
Apr  7 16:20:27 hmaster kernel: [    0.104549] pci_bus 0000:00: root bus resource [bus 00-ff]
Apr  7 16:20:27 hmaster kernel: [    0.120611] pci 0000:00:07.1: legacy IDE quirk: reg 0x10: [io  0x01f0-0x01f7]
Apr  7 16:20:27 hmaster kernel: [    0.120612] pci 0000:00:07.1: legacy IDE quirk: reg 0x14: [io  0x03f6]
Apr  7 16:20:27 hmaster kernel: [    0.120614] pci 0000:00:07.1: legacy IDE quirk: reg 0x18: [io  0x0170-0x0177]
Apr  7 16:20:27 hmaster kernel: [    0.120615] pci 0000:00:07.1: legacy IDE quirk: reg 0x1c: [io  0x0376]
Apr  7 16:20:27 hmaster kernel: [    0.122210] * Found PM-Timer Bug on the chipset. Due to workarounds for a bug,
Apr  7 16:20:27 hmaster kernel: [    0.122210] * this clock source is slow. Consider trying other clock sources
Apr  7 16:20:27 hmaster kernel: [    0.127590] pci 0000:00:07.3: quirk: [io  0x0400-0x043f] claimed by PIIX4 ACPI
Apr  7 16:20:27 hmaster kernel: [    0.156028] ACPI: PCI Interrupt Link [LNKA] (IRQs 3 4 5 7 9 10 *11 12 14 15)
Apr  7 16:20:27 hmaster kernel: [    0.156328] ACPI: PCI Interrupt Link [LNKB] (IRQs 3 4 5 7 9 10 11 12 14 15) *0, disabled.
Apr  7 16:20:27 hmaster kernel: [    0.156622] ACPI: PCI Interrupt Link [LNKC] (IRQs 3 4 5 7 9 10 11 12 14 15) *0, disabled.
Apr  7 16:20:27 hmaster kernel: [    0.156915] ACPI: PCI Interrupt Link [LNKD] (IRQs 3 4 5 7 9 10 11 12 14 15) *0, disabled.
Apr  7 16:20:27 hmaster kernel: [    0.157168] ACPI: Enabled 1 GPEs in block 00 to 0F
Apr  7 16:20:27 hmaster kernel: [    0.157412] vgaarb: setting as boot device: PCI:0000:00:08.0
Apr  7 16:20:27 hmaster kernel: [    0.157413] vgaarb: device added: PCI:0000:00:08.0,decodes=io+mem,owns=io+mem,locks=none
Apr  7 16:20:27 hmaster kernel: [    0.157414] vgaarb: loaded
Apr  7 16:20:27 hmaster kernel: [    0.157415] vgaarb: bridge control possible 0000:00:08.0
Apr  7 16:20:27 hmaster kernel: [    0.157517] PCI: Using ACPI for IRQ routing
Apr  7 16:20:27 hmaster kernel: [    0.158219] clocksource: Switched to clocksource hyperv_clocksource
Apr  7 16:20:27 hmaster kernel: [    0.161812] VFS: Disk quotas dquot_6.6.0
Apr  7 16:20:27 hmaster kernel: [    0.161812] VFS: Dquot-cache hash table entries: 512 (order 0, 4096 bytes)
Apr  7 16:20:27 hmaster kernel: [    0.161812] pnp: PnP ACPI init
Apr  7 16:20:27 hmaster kernel: [    0.170733] system 00:06: [io  0x01e0-0x01ef] has been reserved
Apr  7 16:20:27 hmaster kernel: [    0.170735] system 00:06: [io  0x0160-0x016f] has been reserved
Apr  7 16:20:27 hmaster kernel: [    0.170736] system 00:06: [io  0x0278-0x027f] has been reserved
Apr  7 16:20:27 hmaster kernel: [    0.170738] system 00:06: [io  0x0378-0x037f] has been reserved
Apr  7 16:20:27 hmaster kernel: [    0.170740] system 00:06: [io  0x0678-0x067f] has been reserved
Apr  7 16:20:27 hmaster kernel: [    0.170742] system 00:06: [io  0x0778-0x077f] has been reserved
Apr  7 16:20:27 hmaster kernel: [    0.170743] system 00:06: [io  0x04d0-0x04d1] has been reserved
Apr  7 16:20:27 hmaster kernel: [    0.170939] system 00:07: [io  0x0400-0x043f] has been reserved
Apr  7 16:20:27 hmaster kernel: [    0.170941] system 00:07: [io  0x0370-0x0371] has been reserved
Apr  7 16:20:27 hmaster kernel: [    0.170942] system 00:07: [io  0x0440-0x044f] has been reserved
Apr  7 16:20:27 hmaster kernel: [    0.170945] system 00:07: [mem 0xfec00000-0xfec00fff] could not be reserved
Apr  7 16:20:27 hmaster kernel: [    0.170946] system 00:07: [mem 0xfee00000-0xfee00fff] has been reserved
Apr  7 16:20:27 hmaster kernel: [    0.171097] system 00:08: [mem 0x00000000-0x0009ffff] could not be reserved
Apr  7 16:20:27 hmaster kernel: [    0.171099] system 00:08: [mem 0x000c0000-0x000dffff] could not be reserved
Apr  7 16:20:27 hmaster kernel: [    0.171101] system 00:08: [mem 0x000e0000-0x000fffff] could not be reserved
Apr  7 16:20:27 hmaster kernel: [    0.171102] system 00:08: [mem 0x00100000-0xf7ffffff] could not be reserved
Apr  7 16:20:27 hmaster kernel: [    0.171104] system 00:08: [mem 0xfffc0000-0xffffffff] has been reserved
Apr  7 16:20:27 hmaster kernel: [    0.171600] pnp: PnP ACPI: found 9 devices
Apr  7 16:20:27 hmaster kernel: [    0.178285] clocksource: acpi_pm: mask: 0xffffff max_cycles: 0xffffff, max_idle_ns: 2085701024 ns
Apr  7 16:20:27 hmaster kernel: [    0.178427] NET: Registered protocol family 2
Apr  7 16:20:27 hmaster kernel: [    0.178983] TCP established hash table entries: 8192 (order: 4, 65536 bytes)
Apr  7 16:20:27 hmaster kernel: [    0.179028] TCP bind hash table entries: 8192 (order: 5, 131072 bytes)
Apr  7 16:20:27 hmaster kernel: [    0.179076] TCP: Hash tables configured (established 8192 bind 8192)
Apr  7 16:20:27 hmaster kernel: [    0.179103] UDP hash table entries: 512 (order: 2, 16384 bytes)
Apr  7 16:20:27 hmaster kernel: [    0.179113] UDP-Lite hash table entries: 512 (order: 2, 16384 bytes)
Apr  7 16:20:27 hmaster kernel: [    0.179369] NET: Registered protocol family 1
Apr  7 16:20:27 hmaster kernel: [    0.179378] pci 0000:00:00.0: Limiting direct PCI/PCI transfers
Apr  7 16:20:27 hmaster kernel: [    0.180028] pci 0000:00:08.0: Video device with shadowed ROM at [mem 0x000c0000-0x000dffff]
Apr  7 16:20:27 hmaster kernel: [    0.180156] Unpacking initramfs...
Apr  7 16:20:27 hmaster kernel: [    0.603765] Freeing initrd memory: 17568K
Apr  7 16:20:27 hmaster kernel: [    0.603773] PCI-DMA: Using software bounce buffering for IO (SWIOTLB)
Apr  7 16:20:27 hmaster kernel: [    0.603775] software IO TLB [mem 0x38600000-0x3c600000] (64MB) mapped at [ffff94feb8600000-ffff94febc5fffff]
Apr  7 16:20:27 hmaster kernel: [    0.603965] clocksource: tsc: mask: 0xffffffffffffffff max_cycles: 0x399d930ddda, max_idle_ns: 881590795448 ns
Apr  7 16:20:27 hmaster kernel: [    0.606309] audit: initializing netlink subsys (disabled)
Apr  7 16:20:27 hmaster kernel: [    0.606326] audit: type=2000 audit(1523085617.604:1): initialized
Apr  7 16:20:27 hmaster kernel: [    0.606787] workingset: timestamp_bits=40 max_order=18 bucket_order=0
Apr  7 16:20:27 hmaster kernel: [    0.606802] zbud: loaded
Apr  7 16:20:27 hmaster kernel: [    0.607653] Block layer SCSI generic (bsg) driver version 0.4 loaded (major 250)
Apr  7 16:20:27 hmaster kernel: [    0.607712] io scheduler noop registered
Apr  7 16:20:27 hmaster kernel: [    0.607713] io scheduler deadline registered
Apr  7 16:20:27 hmaster kernel: [    0.607753] io scheduler cfq registered (default)
Apr  7 16:20:27 hmaster kernel: [    0.607806] pci_hotplug: PCI Hot Plug PCI Core version: 0.5
Apr  7 16:20:27 hmaster kernel: [    0.607812] pciehp: PCI Express Hot Plug Controller Driver version: 0.4
Apr  7 16:20:27 hmaster kernel: [    0.607903] GHES: HEST is not enabled!
Apr  7 16:20:27 hmaster kernel: [    0.608111] Serial: 8250/16550 driver, 4 ports, IRQ sharing enabled
Apr  7 16:20:27 hmaster kernel: [    0.630590] 00:03: ttyS0 at I/O 0x3f8 (irq = 4, base_baud = 115200) is a 16550A
Apr  7 16:20:27 hmaster kernel: [    0.654147] 00:04: ttyS1 at I/O 0x2f8 (irq = 3, base_baud = 115200) is a 16550A
Apr  7 16:20:27 hmaster kernel: [    0.655597] Linux agpgart interface v0.103
Apr  7 16:20:27 hmaster kernel: [    0.655659] AMD IOMMUv2 driver by Joerg Roedel <jroedel@suse.de>
Apr  7 16:20:27 hmaster kernel: [    0.655660] AMD IOMMUv2 functionality not available on this system
Apr  7 16:20:27 hmaster kernel: [    0.655852] i8042: PNP: PS/2 Controller [PNP0303:PS2K,PNP0f03:PS2M] at 0x60,0x64 irq 1,12
Apr  7 16:20:27 hmaster kernel: [    0.665243] serio: i8042 KBD port at 0x60,0x64 irq 1
Apr  7 16:20:27 hmaster kernel: [    0.665252] serio: i8042 AUX port at 0x60,0x64 irq 12
Apr  7 16:20:27 hmaster kernel: [    0.665400] mousedev: PS/2 mouse device common for all mice
Apr  7 16:20:27 hmaster kernel: [    0.665939] rtc_cmos 00:00: RTC can wake from S4
Apr  7 16:20:27 hmaster kernel: [    0.668213] rtc_cmos 00:00: rtc core: registered rtc_cmos as rtc0
Apr  7 16:20:27 hmaster kernel: [    0.669474] rtc_cmos 00:00: alarms up to one month, 114 bytes nvram
Apr  7 16:20:27 hmaster kernel: [    0.669852] ledtrig-cpu: registered to indicate activity on CPUs
Apr  7 16:20:27 hmaster kernel: [    0.671942] NET: Registered protocol family 10
Apr  7 16:20:27 hmaster kernel: [    0.672453] mip6: Mobile IPv6
Apr  7 16:20:27 hmaster kernel: [    0.672455] NET: Registered protocol family 17
Apr  7 16:20:27 hmaster kernel: [    0.672457] mpls_gso: MPLS GSO support
Apr  7 16:20:27 hmaster kernel: [    0.672585] microcode: sig=0x106e5, pf=0x1, revision=0xffffffff
Apr  7 16:20:27 hmaster kernel: [    0.672619] microcode: Microcode Update Driver: v2.01 <tigran@aivazian.fsnet.co.uk>, Peter Oruba
Apr  7 16:20:27 hmaster kernel: [    0.672739] registered taskstats version 1
Apr  7 16:20:27 hmaster kernel: [    0.672755] zswap: loaded using pool lzo/zbud
Apr  7 16:20:27 hmaster kernel: [    0.672861] ima: No TPM chip found, activating TPM-bypass!
Apr  7 16:20:27 hmaster kernel: [    0.674302] rtc_cmos 00:00: setting system clock to 2018-04-07 07:20:18 UTC (1523085618)
Apr  7 16:20:27 hmaster kernel: [    0.676138] Freeing unused kernel memory: 1396K
Apr  7 16:20:27 hmaster kernel: [    0.676139] Write protecting the kernel read-only data: 12288k
Apr  7 16:20:27 hmaster kernel: [    0.676774] Freeing unused kernel memory: 1980K
Apr  7 16:20:27 hmaster kernel: [    0.680566] Freeing unused kernel memory: 1240K
Apr  7 16:20:27 hmaster kernel: [    0.690740] input: AT Translated Set 2 keyboard as /devices/platform/i8042/serio0/input/input0
Apr  7 16:20:27 hmaster kernel: [    0.691836] x86/mm: Checked W+X mappings: passed, no W+X pages found.
Apr  7 16:20:27 hmaster kernel: [    0.715047] random: udevadm: uninitialized urandom read (16 bytes read)
Apr  7 16:20:27 hmaster kernel: [    0.715094] random: udevadm: uninitialized urandom read (16 bytes read)
Apr  7 16:20:27 hmaster kernel: [    0.716438] random: systemd-udevd: uninitialized urandom read (16 bytes read)
Apr  7 16:20:27 hmaster kernel: [    0.716552] random: systemd-udevd: uninitialized urandom read (16 bytes read)
Apr  7 16:20:27 hmaster kernel: [    0.716567] random: systemd-udevd: uninitialized urandom read (16 bytes read)
Apr  7 16:20:27 hmaster kernel: [    0.724244] random: udevadm: uninitialized urandom read (16 bytes read)
Apr  7 16:20:27 hmaster kernel: [    0.724312] random: udevadm: uninitialized urandom read (16 bytes read)
Apr  7 16:20:27 hmaster kernel: [    0.724342] random: udevadm: uninitialized urandom read (16 bytes read)
Apr  7 16:20:27 hmaster kernel: [    0.724659] random: udevadm: uninitialized urandom read (16 bytes read)
Apr  7 16:20:27 hmaster kernel: [    0.724722] random: udevadm: uninitialized urandom read (16 bytes read)
Apr  7 16:20:27 hmaster kernel: [    0.804216] clocksource: hyperv_clocksource_tsc_page: mask: 0xffffffffffffffff max_cycles: 0x24e6a1710, max_idle_ns: 440795202120 ns
Apr  7 16:20:27 hmaster kernel: [    0.804233] clocksource: Switched to clocksource hyperv_clocksource_tsc_page
Apr  7 16:20:27 hmaster kernel: [    0.807551] SCSI subsystem initialized
Apr  7 16:20:27 hmaster kernel: [    0.821886] hv_vmbus: Hyper-V Host Build:16299-10.0-0-0.251; Vmbus version:4.0
Apr  7 16:20:27 hmaster kernel: [    0.828747] ata_piix 0000:00:07.1: Hyper-V Virtual Machine detected, ATA device ignore set
Apr  7 16:20:27 hmaster kernel: [    0.861729] Floppy drive(s): fd0 is 1.44M
Apr  7 16:20:27 hmaster kernel: [    0.877654] scsi host0: ata_piix
Apr  7 16:20:27 hmaster kernel: [    0.886883] scsi host1: ata_piix
Apr  7 16:20:27 hmaster kernel: [    0.886941] ata1: PATA max UDMA/33 cmd 0x1f0 ctl 0x3f6 bmdma 0xffa0 irq 14
Apr  7 16:20:27 hmaster kernel: [    0.886943] ata2: PATA max UDMA/33 cmd 0x170 ctl 0x376 bmdma 0xffa8 irq 15
Apr  7 16:20:27 hmaster kernel: [    0.922928] hv_vmbus: registering driver hv_storvsc
Apr  7 16:20:27 hmaster kernel: [    0.924637] hidraw: raw HID events driver (C) Jiri Kosina
Apr  7 16:20:27 hmaster kernel: [    0.925008] hv_vmbus: registering driver hid_hyperv
Apr  7 16:20:27 hmaster kernel: [    0.936796] FDC 0 is an 82078.
Apr  7 16:20:27 hmaster kernel: [    0.939508] hv_vmbus: registering driver hv_netvsc
Apr  7 16:20:27 hmaster kernel: [    0.952493] scsi host2: storvsc_host_t
Apr  7 16:20:27 hmaster kernel: [    0.953316] scsi 2:0:0:0: Direct-Access     Msft     Virtual Disk     1.0  PQ: 0 ANSI: 5
Apr  7 16:20:27 hmaster kernel: [    0.956047] scsi host3: storvsc_host_t
Apr  7 16:20:27 hmaster kernel: [    0.958003] input: Microsoft Vmbus HID-compliant Mouse as /devices/0006:045E:0621.0001/input/input3
Apr  7 16:20:27 hmaster kernel: [    0.959588] hid-generic 0006:045E:0621.0001: input: <UNKNOWN> HID v0.01 Mouse [Microsoft Vmbus HID-compliant Mouse] on
Apr  7 16:20:27 hmaster kernel: [    0.961157] hv_netvsc: hv_netvsc channel opened successfully
Apr  7 16:20:27 hmaster kernel: [    0.979687] hv_netvsc 035ad9b7-bc33-4189-9fac-264de4d84219: Send section size: 6144, Section count:2560
Apr  7 16:20:27 hmaster kernel: [    0.981679] hv_netvsc 035ad9b7-bc33-4189-9fac-264de4d84219: Device MAC 00:15:5d:00:74:0a link state up
Apr  7 16:20:27 hmaster kernel: [    1.517695] random: fast init done
Apr  7 16:20:27 hmaster kernel: [    1.769348] psmouse serio1: trackpoint: failed to get extended button data, assuming 3 buttons
Apr  7 16:20:27 hmaster kernel: [    1.915968] ata2.00: ATAPI: Virtual CD, , max MWDMA2
Apr  7 16:20:27 hmaster kernel: [    1.919092] ata2.00: configured for MWDMA2
Apr  7 16:20:27 hmaster kernel: [    1.922693] scsi 1:0:0:0: CD-ROM            Msft     Virtual CD/ROM   1.0  PQ: 0 ANSI: 5
Apr  7 16:20:27 hmaster kernel: [    1.933152] sd 2:0:0:0: [sda] 266338304 512-byte logical blocks: (136 GB/127 GiB)
Apr  7 16:20:27 hmaster kernel: [    1.933154] sd 2:0:0:0: [sda] 4096-byte physical blocks
Apr  7 16:20:27 hmaster kernel: [    1.933493] sd 2:0:0:0: [sda] Write Protect is off
Apr  7 16:20:27 hmaster kernel: [    1.933590] sd 2:0:0:0: [sda] Write cache: enabled, read cache: enabled, doesn't support DPO or FUA
Apr  7 16:20:27 hmaster kernel: [    1.947686] sr 1:0:0:0: [sr0] scsi3-mmc drive: 0x/0x tray
Apr  7 16:20:27 hmaster kernel: [    1.947688] cdrom: Uniform CD-ROM driver Revision: 3.20
Apr  7 16:20:27 hmaster kernel: [    1.954430]  sda: sda1 sda2 < sda5 >
Apr  7 16:20:27 hmaster kernel: [    1.955434] sd 2:0:0:0: [sda] Attached SCSI disk
Apr  7 16:20:27 hmaster kernel: [    2.083461] PM: Starting manual resume from disk
Apr  7 16:20:27 hmaster kernel: [    3.512220] EXT4-fs (sda1): mounted filesystem with ordered data mode. Opts: (null)
Apr  7 16:20:27 hmaster kernel: [    4.419889] ip_tables: (C) 2000-2006 Netfilter Core Team
Apr  7 16:20:27 hmaster kernel: [    4.526717] random: crng init done
Apr  7 16:20:27 hmaster kernel: [    5.603048] EXT4-fs (sda1): re-mounted. Opts: errors=remount-ro
Apr  7 16:20:27 hmaster kernel: [    6.052043] psmouse serio1: trackpoint: IBM TrackPoint firmware: 0x01, buttons: 3/3
Apr  7 16:20:27 hmaster kernel: [    6.053525] input: TPPS/2 IBM TrackPoint as /devices/platform/i8042/serio1/input/input2
Apr  7 16:20:27 hmaster kernel: [    6.342243] input: Power Button as /devices/LNXSYSTM:00/LNXPWRBN:00/input/input4
Apr  7 16:20:27 hmaster kernel: [    6.342290] ACPI: Power Button [PWRF]
Apr  7 16:20:27 hmaster kernel: [    6.760227] hv_vmbus: registering driver hyperv_fb
Apr  7 16:20:27 hmaster kernel: [    6.761847] hyperv_fb: Screen resolution: 1152x864, Color depth: 32
Apr  7 16:20:27 hmaster kernel: [    6.776268] Console: switching to colour frame buffer device 144x54
Apr  7 16:20:27 hmaster kernel: [    7.367450] hv_vmbus: registering driver hv_balloon
Apr  7 16:20:27 hmaster kernel: [    7.428197] sd 2:0:0:0: Attached scsi generic sg0 type 0
Apr  7 16:20:27 hmaster kernel: [    7.428245] sr 1:0:0:0: Attached scsi generic sg1 type 5
Apr  7 16:20:27 hmaster kernel: [    7.430905] input: PC Speaker as /devices/platform/pcspkr/input/input5
Apr  7 16:20:27 hmaster kernel: [    7.441952] hv_utils: Registering HyperV Utility Driver
Apr  7 16:20:27 hmaster kernel: [    7.441954] hv_vmbus: registering driver hv_util
Apr  7 16:20:27 hmaster kernel: [    7.445414] hv_utils: Using TimeSync version 4.0
Apr  7 16:20:27 hmaster kernel: [    7.452136] hv_vmbus: registering driver hyperv_keyboard
Apr  7 16:20:27 hmaster kernel: [    7.454806] input: AT Translated Set 2 keyboard as /devices/LNXSYSTM:00/LNXSYBUS:00/PNP0A03:00/device:07/VMBUS:01/d34b2567-b9b6-42b9-8778-0a4ec0b955bf/serio2/input/input6
Apr  7 16:20:27 hmaster kernel: [    7.782781] sd 2:0:0:0: [storvsc] Sense Key : Illegal Request [current]
Apr  7 16:20:27 hmaster kernel: [    7.782784] sd 2:0:0:0: [storvsc] Add. Sense: Invalid command operation code
Apr  7 16:20:27 hmaster kernel: [    7.783642] sd 2:0:0:0: [storvsc] Sense Key : Illegal Request [current]
Apr  7 16:20:27 hmaster kernel: [    7.783645] sd 2:0:0:0: [storvsc] Add. Sense: Invalid command operation code
Apr  7 16:20:27 hmaster kernel: [    8.094787] Adding 1045500k swap on /dev/sda5.  Priority:-1 extents:1 across:1045500k FS
Apr  7 16:20:27 hmaster liblogging-stdlog:  [origin software="rsyslogd" swVersion="8.24.0" x-pid="378" x-info="http://www.rsyslog.com"] start
Apr  7 16:21:13 hmaster kernel: [   55.466851] hv_balloon: Received INFO_TYPE_MAX_PAGE_CNT
Apr  7 16:21:13 hmaster kernel: [   55.466888] hv_balloon: Data Size is 8
